Archive member included to satisfy reference by file (symbol)

c:/program files (x86)/atollic/truestudio for stm32 9.0.1/armtools/bin/../lib/gcc/arm-atollic-eabi/6.3.1/../../../../arm-atollic-eabi/lib/armv7-m\libc_nano.a(lib_a-init.o)
                              Example\TrueSTUDIO\startup_stm32f100xb.o (__libc_init_array)
c:/program files (x86)/atollic/truestudio for stm32 9.0.1/armtools/bin/../lib/gcc/arm-atollic-eabi/6.3.1/../../../../arm-atollic-eabi/lib/armv7-m\libc_nano.a(lib_a-memset.o)
                              Drivers\BSP\STM32VL-Discovery\stm32vl_discovery.o (memset)
c:/program files (x86)/atollic/truestudio for stm32 9.0.1/armtools/bin/../lib/gcc/arm-atollic-eabi/6.3.1/../../../../arm-atollic-eabi/lib/armv7-m\libc_nano.a(lib_a-printf.o)
                              Example\User\car_wash.o (printf)
c:/program files (x86)/atollic/truestudio for stm32 9.0.1/armtools/bin/../lib/gcc/arm-atollic-eabi/6.3.1/../../../../arm-atollic-eabi/lib/armv7-m\libc_nano.a(lib_a-reent.o)
                              Example\User\syscalls.o (errno)
c:/program files (x86)/atollic/truestudio for stm32 9.0.1/armtools/bin/../lib/gcc/arm-atollic-eabi/6.3.1/../../../../arm-atollic-eabi/lib/armv7-m\libc_nano.a(lib_a-findfp.o)
                              c:/program files (x86)/atollic/truestudio for stm32 9.0.1/armtools/bin/../lib/gcc/arm-atollic-eabi/6.3.1/../../../../arm-atollic-eabi/lib/armv7-m\libc_nano.a(lib_a-printf.o) (__sinit)
c:/program files (x86)/atollic/truestudio for stm32 9.0.1/armtools/bin/../lib/gcc/arm-atollic-eabi/6.3.1/../../../../arm-atollic-eabi/lib/armv7-m\libc_nano.a(lib_a-fwalk.o)
                              c:/program files (x86)/atollic/truestudio for stm32 9.0.1/armtools/bin/../lib/gcc/arm-atollic-eabi/6.3.1/../../../../arm-atollic-eabi/lib/armv7-m\libc_nano.a(lib_a-findfp.o) (_fwalk)
c:/program files (x86)/atollic/truestudio for stm32 9.0.1/armtools/bin/../lib/gcc/arm-atollic-eabi/6.3.1/../../../../arm-atollic-eabi/lib/armv7-m\libc_nano.a(lib_a-impure.o)
                              c:/program files (x86)/atollic/truestudio for stm32 9.0.1/armtools/bin/../lib/gcc/arm-atollic-eabi/6.3.1/../../../../arm-atollic-eabi/lib/armv7-m\libc_nano.a(lib_a-findfp.o) (_global_impure_ptr)
c:/program files (x86)/atollic/truestudio for stm32 9.0.1/armtools/bin/../lib/gcc/arm-atollic-eabi/6.3.1/../../../../arm-atollic-eabi/lib/armv7-m\libc_nano.a(lib_a-nano-freer.o)
                              c:/program files (x86)/atollic/truestudio for stm32 9.0.1/armtools/bin/../lib/gcc/arm-atollic-eabi/6.3.1/../../../../arm-atollic-eabi/lib/armv7-m\libc_nano.a(lib_a-reent.o) (_free_r)
c:/program files (x86)/atollic/truestudio for stm32 9.0.1/armtools/bin/../lib/gcc/arm-atollic-eabi/6.3.1/../../../../arm-atollic-eabi/lib/armv7-m\libc_nano.a(lib_a-nano-mallocr.o)
                              c:/program files (x86)/atollic/truestudio for stm32 9.0.1/armtools/bin/../lib/gcc/arm-atollic-eabi/6.3.1/../../../../arm-atollic-eabi/lib/armv7-m\libc_nano.a(lib_a-findfp.o) (_malloc_r)
c:/program files (x86)/atollic/truestudio for stm32 9.0.1/armtools/bin/../lib/gcc/arm-atollic-eabi/6.3.1/../../../../arm-atollic-eabi/lib/armv7-m\libc_nano.a(lib_a-nano-vfprintf.o)
                              c:/program files (x86)/atollic/truestudio for stm32 9.0.1/armtools/bin/../lib/gcc/arm-atollic-eabi/6.3.1/../../../../arm-atollic-eabi/lib/armv7-m\libc_nano.a(lib_a-printf.o) (_vfprintf_r)
c:/program files (x86)/atollic/truestudio for stm32 9.0.1/armtools/bin/../lib/gcc/arm-atollic-eabi/6.3.1/../../../../arm-atollic-eabi/lib/armv7-m\libc_nano.a(lib_a-nano-vfprintf_i.o)
                              c:/program files (x86)/atollic/truestudio for stm32 9.0.1/armtools/bin/../lib/gcc/arm-atollic-eabi/6.3.1/../../../../arm-atollic-eabi/lib/armv7-m\libc_nano.a(lib_a-nano-vfprintf.o) (_printf_i)
c:/program files (x86)/atollic/truestudio for stm32 9.0.1/armtools/bin/../lib/gcc/arm-atollic-eabi/6.3.1/../../../../arm-atollic-eabi/lib/armv7-m\libc_nano.a(lib_a-sbrkr.o)
                              c:/program files (x86)/atollic/truestudio for stm32 9.0.1/armtools/bin/../lib/gcc/arm-atollic-eabi/6.3.1/../../../../arm-atollic-eabi/lib/armv7-m\libc_nano.a(lib_a-nano-mallocr.o) (_sbrk_r)
c:/program files (x86)/atollic/truestudio for stm32 9.0.1/armtools/bin/../lib/gcc/arm-atollic-eabi/6.3.1/../../../../arm-atollic-eabi/lib/armv7-m\libc_nano.a(lib_a-stdio.o)
                              c:/program files (x86)/atollic/truestudio for stm32 9.0.1/armtools/bin/../lib/gcc/arm-atollic-eabi/6.3.1/../../../../arm-atollic-eabi/lib/armv7-m\libc_nano.a(lib_a-findfp.o) (__sread)
c:/program files (x86)/atollic/truestudio for stm32 9.0.1/armtools/bin/../lib/gcc/arm-atollic-eabi/6.3.1/../../../../arm-atollic-eabi/lib/armv7-m\libc_nano.a(lib_a-wbuf.o)
[...]
Memory Configuration

Name             Origin             Length             Attributes
FLASH            0x08000000         0x00020000         xr
RAM              0x20000000         0x00002000         xrw
*default*        0x00000000         0xffffffff

Linker script and memory map

LOAD c:/program files (x86)/atollic/truestudio for stm32 9.0.1/armtools/bin/../lib/gcc/arm-atollic-eabi/6.3.1/armv7-m/crti.o
LOAD c:/program files (x86)/atollic/truestudio for stm32 9.0.1/armtools/bin/../lib/gcc/arm-atollic-eabi/6.3.1/armv7-m/crtbegin.o
LOAD Drivers\BSP\STM32VL-Discovery\stm32vl_discovery.o
LOAD Drivers\CMSIS\system_stm32f1xx.o
LOAD Drivers\STM32F1xx_HAL_Driver\stm32f1xx_hal.o
LOAD Drivers\STM32F1xx_HAL_Driver\stm32f1xx_hal_cortex.o
LOAD Drivers\STM32F1xx_HAL_Driver\stm32f1xx_hal_dma.o
LOAD Drivers\STM32F1xx_HAL_Driver\stm32f1xx_hal_gpio.o
LOAD Drivers\STM32F1xx_HAL_Driver\stm32f1xx_hal_rcc.o
LOAD Drivers\STM32F1xx_HAL_Driver\stm32f1xx_hal_rcc_ex.o
LOAD Drivers\STM32F1xx_HAL_Driver\stm32f1xx_hal_tim.o
LOAD Drivers\STM32F1xx_HAL_Driver\stm32f1xx_hal_tim_ex.o
LOAD Drivers\STM32F1xx_HAL_Driver\stm32f1xx_hal_uart.o
LOAD Example\TrueSTUDIO\startup_stm32f100xb.o
LOAD Example\User\car_wash.o
LOAD Example\User\main.o
LOAD Example\User\stm32f1xx_hal_msp.o
LOAD Example\User\stm32f1xx_it.o
LOAD Example\User\syscalls.o
                0x00000080                malloc_getpagesize_P = 0x80
START GROUP
LOAD c:/program files (x86)/atollic/truestudio for stm32 9.0.1/armtools/bin/../lib/gcc/arm-atollic-eabi/6.3.1/../../../../arm-atollic-eabi/lib/armv7-m\libc_nano.a
LOAD c:/program files (x86)/atollic/truestudio for stm32 9.0.1/armtools/bin/../lib/gcc/arm-atollic-eabi/6.3.1/../../../../arm-atollic-eabi/lib/armv7-m\libm.a
END GROUP
START GROUP
LOAD c:/program files (x86)/atollic/truestudio for stm32 9.0.1/armtools/bin/../lib/gcc/arm-atollic-eabi/6.3.1/armv7-m\libgcc.a
LOAD c:/program files (x86)/atollic/truestudio for stm32 9.0.1/armtools/bin/../lib/gcc/arm-atollic-eabi/6.3.1/../../../../arm-atollic-eabi/lib/armv7-m\libc_nano.a
END GROUP
START GROUP
LOAD c:/program files (x86)/atollic/truestudio for stm32 9.0.1/armtools/bin/../lib/gcc/arm-atollic-eabi/6.3.1/armv7-m\libgcc.a
LOAD c:/program files (x86)/atollic/truestudio for stm32 9.0.1/armtools/bin/../lib/gcc/arm-atollic-eabi/6.3.1/../../../../arm-atollic-eabi/lib/armv7-m\libc_nano.a
LOAD c:/program files (x86)/atollic/truestudio for stm32 9.0.1/armtools/bin/../lib/gcc/arm-atollic-eabi/6.3.1/../../../../arm-atollic-eabi/lib/armv7-m\libnosys.a
END GROUP
START GROUP
LOAD c:/program files (x86)/atollic/truestudio for stm32 9.0.1/armtools/bin/../lib/gcc/arm-atollic-eabi/6.3.1/armv7-m\libgcc.a
LOAD c:/program files (x86)/atollic/truestudio for stm32 9.0.1/armtools/bin/../lib/gcc/arm-atollic-eabi/6.3.1/../../../../arm-atollic-eabi/lib/armv7-m\libc_nano.a
LOAD c:/program files (x86)/atollic/truestudio for stm32 9.0.1/armtools/bin/../lib/gcc/arm-atollic-eabi/6.3.1/../../../../arm-atollic-eabi/lib/armv7-m\libnosys.a
END GROUP
LOAD c:/program files (x86)/atollic/truestudio for stm32 9.0.1/armtools/bin/../lib/gcc/arm-atollic-eabi/6.3.1/armv7-m/crtend.o
LOAD c:/program files (x86)/atollic/truestudio for stm32 9.0.1/armtools/bin/../lib/gcc/arm-atollic-eabi/6.3.1/armv7-m/crtn.o
                0x20001fff                _estack = 0x20001fff
                0x00000200                _Min_Heap_Size = 0x200
                0x00000400                _Min_Stack_Size = 0x400

.isr_vector     0x08000000      0x1d0
                0x08000000                . = ALIGN (0x4)
 *(.isr_vector)
 .isr_vector    0x08000000      0x1d0 Example\TrueSTUDIO\startup_stm32f100xb.o
                0x08000000                g_pfnVectors
                0x080001d0                . = ALIGN (0x4)

.text           0x080001d0     0x2430
                0x080001d0                . = ALIGN (0x4)
 *(.text)
 .text          0x080001d0       0x40 c:/program files (x86)/atollic/truestudio for stm32 9.0.1/armtools/bin/../lib/gcc/arm-atollic-eabi/6.3.1/armv7-m/crtbegin.o
 *(.text*)
 .text.BSP_LED_Init
                0x08000210       0x68 Drivers\BSP\STM32VL-Discovery\stm32vl_discovery.o
                0x08000210                BSP_LED_Init
 .text.BSP_LED_On
                0x08000278       0x1c Drivers\BSP\STM32VL-Discovery\stm32vl_discovery.o
                0x08000278                BSP_LED_On
 .text.BSP_LED_Toggle
                0x08000294       0x18 Drivers\BSP\STM32VL-Discovery\stm32vl_discovery.o
                0x08000294                BSP_LED_Toggle
 .text.SystemInit
                0x080002ac       0x50 Drivers\CMSIS\system_stm32f1xx.o
                0x080002ac                SystemInit
 .text.HAL_MspInit
                0x080002fc        0x2 Drivers\STM32F1xx_HAL_Driver\stm32f1xx_hal.o
                0x080002fc                HAL_MspInit
 *fill*         0x080002fe        0x2 
 .text.HAL_InitTick
                0x08000300       0x28 Drivers\STM32F1xx_HAL_Driver\stm32f1xx_hal.o
                0x08000300                HAL_InitTick
 .text.HAL_Init
                0x08000328       0x16 Drivers\STM32F1xx_HAL_Driver\stm32f1xx_hal.o
                0x08000328                HAL_Init
 *fill*         0x0800033e        0x2 
 .text.HAL_IncTick
                0x08000340       0x10 Drivers\STM32F1xx_HAL_Driver\stm32f1xx_hal.o
                0x08000340                HAL_IncTick
 .text.HAL_GetTick
                0x08000350        0xc Drivers\STM32F1xx_HAL_Driver\stm32f1xx_hal.o
                0x08000350                HAL_GetTick
 .text.HAL_NVIC_SetPriorityGrouping
                0x0800035c       0x24 Drivers\STM32F1xx_HAL_Driver\stm32f1xx_hal_cortex.o
                0x0800035c                HAL_NVIC_SetPriorityGrouping
 .text.HAL_NVIC_SetPriority
                0x08000380       0x68 Drivers\STM32F1xx_HAL_Driver\stm32f1xx_hal_cortex.o
                0x08000380                HAL_NVIC_SetPriority
 .text.HAL_NVIC_EnableIRQ
                0x080003e8       0x18 Drivers\STM32F1xx_HAL_Driver\stm32f1xx_hal_cortex.o
                0x080003e8                HAL_NVIC_EnableIRQ
 .text.HAL_NVIC_DisableIRQ
                0x08000400       0x1c Drivers\STM32F1xx_HAL_Driver\stm32f1xx_hal_cortex.o
                0x08000400                HAL_NVIC_DisableIRQ
 .text.HAL_SYSTICK_Config
                0x0800041c       0x2c Drivers\STM32F1xx_HAL_Driver\stm32f1xx_hal_cortex.o
                0x0800041c                HAL_SYSTICK_Config
 .text.HAL_GPIO_Init
                0x08000448      0x1c0 Drivers\STM32F1xx_HAL_Driver\stm32f1xx_hal_gpio.o
                0x08000448                HAL_GPIO_Init
 .text.HAL_GPIO_ReadPin
                0x08000608        0xc Drivers\STM32F1xx_HAL_Driver\stm32f1xx_hal_gpio.o
                0x08000608                HAL_GPIO_ReadPin
 .text.HAL_GPIO_WritePin
                0x08000614        0xa Drivers\STM32F1xx_HAL_Driver\stm32f1xx_hal_gpio.o
                0x08000614                HAL_GPIO_WritePin
 .text.HAL_GPIO_TogglePin
                0x0800061e        0x8 Drivers\STM32F1xx_HAL_Driver\stm32f1xx_hal_gpio.o
                0x0800061e                HAL_GPIO_TogglePin
 *fill*         0x08000626        0x2 
 .text.HAL_GPIO_EXTI_IRQHandler
                0x08000628       0x18 Drivers\STM32F1xx_HAL_Driver\stm32f1xx_hal_gpio.o
                0x08000628                HAL_GPIO_EXTI_IRQHandler
 .text.HAL_RCC_OscConfig
                0x08000640      0x318 Drivers\STM32F1xx_HAL_Driver\stm32f1xx_hal_rcc.o
                0x08000640                HAL_RCC_OscConfig
 .text.HAL_RCC_GetSysClockFreq
                0x08000958       0x8c Drivers\STM32F1xx_HAL_Driver\stm32f1xx_hal_rcc.o
                0x08000958                HAL_RCC_GetSysClockFreq
 .text.HAL_RCC_ClockConfig
                0x080009e4       0xf0 Drivers\STM32F1xx_HAL_Driver\stm32f1xx_hal_rcc.o
                0x080009e4                HAL_RCC_ClockConfig
 .text.HAL_RCC_GetPCLK1Freq
                0x08000ad4       0x20 Drivers\STM32F1xx_HAL_Driver\stm32f1xx_hal_rcc.o
                0x08000ad4                HAL_RCC_GetPCLK1Freq
 .text.HAL_RCC_GetPCLK2Freq
                0x08000af4       0x20 Drivers\STM32F1xx_HAL_Driver\stm32f1xx_hal_rcc.o
                0x08000af4                HAL_RCC_GetPCLK2Freq
 .text.HAL_TIM_Base_Start_IT
                0x08000b14       0x16 Drivers\STM32F1xx_HAL_Driver\stm32f1xx_hal_tim.o
                0x08000b14                HAL_TIM_Base_Start_IT
 .text.HAL_TIM_OC_DelayElapsedCallback
                0x08000b2a        0x2 Drivers\STM32F1xx_HAL_Driver\stm32f1xx_hal_tim.o
                0x08000b2a                HAL_TIM_OC_DelayElapsedCallback
 .text.HAL_TIM_IC_CaptureCallback
                0x08000b2c        0x2 Drivers\STM32F1xx_HAL_Driver\stm32f1xx_hal_tim.o
                0x08000b2c                HAL_TIM_IC_CaptureCallback
 .text.HAL_TIM_PWM_PulseFinishedCallback
                0x08000b2e        0x2 Drivers\STM32F1xx_HAL_Driver\stm32f1xx_hal_tim.o
                0x08000b2e                HAL_TIM_PWM_PulseFinishedCallback
 .text.HAL_TIM_TriggerCallback
                0x08000b30        0x2 Drivers\STM32F1xx_HAL_Driver\stm32f1xx_hal_tim.o
                0x08000b30                HAL_TIM_TriggerCallback
 .text.HAL_TIM_IRQHandler
                0x08000b32      0x144 Drivers\STM32F1xx_HAL_Driver\stm32f1xx_hal_tim.o
                0x08000b32                HAL_TIM_IRQHandler
 *fill*         0x08000c76        0x2 
 .text.TIM_Base_SetConfig
                0x08000c78       0xa4 Drivers\STM32F1xx_HAL_Driver\stm32f1xx_hal_tim.o
                0x08000c78                TIM_Base_SetConfig
 .text.HAL_TIM_Base_Init
                0x08000d1c       0x34 Drivers\STM32F1xx_HAL_Driver\stm32f1xx_hal_tim.o
                0x08000d1c                HAL_TIM_Base_Init
 .text.HAL_TIMEx_CommutationCallback
                0x08000d50        0x2 Drivers\STM32F1xx_HAL_Driver\stm32f1xx_hal_tim_ex.o
                0x08000d50                HAL_TIMEx_CommutationCallback
 .text.HAL_TIMEx_BreakCallback
                0x08000d52        0x2 Drivers\STM32F1xx_HAL_Driver\stm32f1xx_hal_tim_ex.o
                0x08000d52                HAL_TIMEx_BreakCallback
 .text.UART_SetConfig
                0x08000d54      0x244 Drivers\STM32F1xx_HAL_Driver\stm32f1xx_hal_uart.o
 .text.UART_WaitOnFlagUntilTimeout.constprop.3
                0x08000f98       0x50 Drivers\STM32F1xx_HAL_Driver\stm32f1xx_hal_uart.o
 .text.HAL_UART_Init
                0x08000fe8       0x5c Drivers\STM32F1xx_HAL_Driver\stm32f1xx_hal_uart.o
                0x08000fe8                HAL_UART_Init
 .text.HAL_UART_Transmit
                0x08001044       0xb8 Drivers\STM32F1xx_HAL_Driver\stm32f1xx_hal_uart.o
                0x08001044                HAL_UART_Transmit
 .text.Reset_Handler
                0x080010fc       0x48 Example\TrueSTUDIO\startup_stm32f100xb.o
                0x080010fc                Reset_Handler
 .text.Default_Handler
                0x08001144        0x2 Example\TrueSTUDIO\startup_stm32f100xb.o
                0x08001144                RTC_Alarm_IRQHandler
                0x08001144                EXTI2_IRQHandler
                0x08001144                TIM1_CC_IRQHandler
                0x08001144                PVD_IRQHandler
                0x08001144                EXTI3_IRQHandler
                0x08001144                TIM1_UP_TIM16_IRQHandler
                0x08001144                SPI1_IRQHandler
                0x08001144                TAMPER_IRQHandler
                0x08001144                TIM6_DAC_IRQHandler
                0x08001144                DMA1_Channel4_IRQHandler
                0x08001144                ADC1_IRQHandler
                0x08001144                USART3_IRQHandler
                0x08001144                RTC_IRQHandler
                0x08001144                DMA1_Channel7_IRQHandler
                0x08001144                TIM4_IRQHandler
                0x08001144                I2C1_EV_IRQHandler
                0x08001144                DMA1_Channel6_IRQHandler
                0x08001144                RCC_IRQHandler
                0x08001144                DMA1_Channel1_IRQHandler
                0x08001144                Default_Handler
                0x08001144                CEC_IRQHandler
                0x08001144                EXTI15_10_IRQHandler
                0x08001144                TIM7_IRQHandler
                0x08001144                EXTI9_5_IRQHandler
                0x08001144                DMA1_Channel5_IRQHandler
                0x08001144                EXTI4_IRQHandler
                0x08001144                TIM1_TRG_COM_TIM17_IRQHandler
                0x08001144                DMA1_Channel3_IRQHandler
                0x08001144                WWDG_IRQHandler
                0x08001144                TIM2_IRQHandler
                0x08001144                EXTI1_IRQHandler
                0x08001144                USART2_IRQHandler
                0x08001144                DMA1_Channel2_IRQHandler
                0x08001144                FLASH_IRQHandler
                0x08001144                USART1_IRQHandler
                0x08001144                I2C1_ER_IRQHandler
                0x08001144                TIM1_BRK_TIM15_IRQHandler
 *fill*         0x08001146        0x2 
 .text.check_car_in_slot_4
                0x08001148        0xc Example\User\car_wash.o
 .text.check_car_in_slot_3
                0x08001154        0xc Example\User\car_wash.o
 .text.check_car_in_slot_2
                0x08001160        0xc Example\User\car_wash.o
 .text.check_car_in_slot_1
                0x0800116c        0xc Example\User\car_wash.o
 .text.end_state_handler
                0x08001178       0x20 Example\User\car_wash.o
 .text.drying_state_handler
                0x08001198       0x40 Example\User\car_wash.o
 .text.washing_state_handler
                0x080011d8       0x40 Example\User\car_wash.o
 .text.brush_state_handler
                0x08001218       0x40 Example\User\car_wash.o
 .text.foam_state_handler
                0x08001258       0x40 Example\User\car_wash.o
 .text.waiting_state_handler
                0x08001298       0x4c Example\User\car_wash.o
 .text.ApplicationScan
                0x080012e4       0xb4 Example\User\car_wash.o
                0x080012e4                ApplicationScan
 .text.__io_putchar
                0x08001398       0x20 Example\User\main.o
                0x08001398                __io_putchar
 .text.SystemClock_Config
                0x080013b8       0x56 Example\User\main.o
                0x080013b8                SystemClock_Config
 *fill*         0x0800140e        0x2 
 .text.startup.main
                0x08001410      0x1d0 Example\User\main.o
                0x08001410                main
 .text.HAL_GPIO_EXTI_Callback
                0x080015e0       0x10 Example\User\main.o
                0x080015e0                HAL_GPIO_EXTI_Callback
 .text.IsTimeReached
                0x080015f0       0x14 Example\User\main.o
                0x080015f0                IsTimeReached
 .text.ButtonGetAndConsumeEvent
                0x08001604       0x14 Example\User\main.o
                0x08001604                ButtonGetAndConsumeEvent
 .text.ButtonDissableInt
                0x08001618        0x6 Example\User\main.o
                0x08001618                ButtonDissableInt
 .text.ButtonEnableInt
                0x0800161e        0x6 Example\User\main.o
                0x0800161e                ButtonEnableInt
 .text.HAL_TIM_PeriodElapsedCallback
                0x08001624       0x14 Example\User\main.o
                0x08001624                HAL_TIM_PeriodElapsedCallback
 .text.HAL_UART_MspInit
                0x08001638       0x74 Example\User\stm32f1xx_hal_msp.o
                0x08001638                HAL_UART_MspInit
 .text.HAL_TIM_Base_MspInit
                0x080016ac       0x30 Example\User\stm32f1xx_hal_msp.o
                0x080016ac                HAL_TIM_Base_MspInit
 .text.NMI_Handler
                0x080016dc        0x2 Example\User\stm32f1xx_it.o
                0x080016dc                NMI_Handler
 .text.HardFault_Handler
                0x080016de        0x2 Example\User\stm32f1xx_it.o
                0x080016de                HardFault_Handler
 .text.MemManage_Handler
                0x080016e0        0x2 Example\User\stm32f1xx_it.o
                0x080016e0                MemManage_Handler
 .text.BusFault_Handler
                0x080016e2        0x2 Example\User\stm32f1xx_it.o
                0x080016e2                BusFault_Handler
 .text.UsageFault_Handler
                0x080016e4        0x2 Example\User\stm32f1xx_it.o
                0x080016e4                UsageFault_Handler
 .text.SVC_Handler
                0x080016e6        0x2 Example\User\stm32f1xx_it.o
                0x080016e6                SVC_Handler
 .text.DebugMon_Handler
                0x080016e8        0x2 Example\User\stm32f1xx_it.o
                0x080016e8                DebugMon_Handler
 .text.PendSV_Handler
                0x080016ea        0x2 Example\User\stm32f1xx_it.o
                0x080016ea                PendSV_Handler
 .text.SysTick_Handler
                0x080016ec        0x4 Example\User\stm32f1xx_it.o
                0x080016ec                SysTick_Handler
 .text.EXTI0_IRQHandler
                0x080016f0        0x6 Example\User\stm32f1xx_it.o
                0x080016f0                EXTI0_IRQHandler
 *fill*         0x080016f6        0x2 
 .text.TIM3_IRQHandler
                0x080016f8        0xc Example\User\stm32f1xx_it.o
                0x080016f8                TIM3_IRQHandler
 .text._read    0x08001704       0x1c Example\User\syscalls.o
                0x08001704                _read
 .text._write   0x08001720       0x1c Example\User\syscalls.o
                0x08001720                _write
 .text._sbrk    0x0800173c       0x34 Example\User\syscalls.o
                0x0800173c                _sbrk
 .text._close   0x08001770        0x6 Example\User\syscalls.o
                0x08001770                _close
 .text._fstat   0x08001776        0xa Example\User\syscalls.o
                0x08001776                _fstat
 .text._isatty  0x08001780        0x4 Example\User\syscalls.o
                0x08001780                _isatty
 .text._lseek   0x08001784        0x4 Example\User\syscalls.o
                0x08001784                _lseek
 .text.__libc_init_array
                0x08001788       0x48 c:/program files (x86)/atollic/truestudio for stm32 9.0.1/armtools/bin/../lib/gcc/arm-atollic-eabi/6.3.1/../../../../arm-atollic-eabi/lib/armv7-m\libc_nano.a(lib_a-init.o)
                0x08001788                __libc_init_array
 .text.memset   0x080017d0       0x10 c:/program files (x86)/atollic/truestudio for stm32 9.0.1/armtools/bin/../lib/gcc/arm-atollic-eabi/6.3.1/../../../../arm-atollic-eabi/lib/armv7-m\libc_nano.a(lib_a-memset.o)
                0x080017d0                memset
 .text.printf   0x080017e0       0x30 c:/program files (x86)/atollic/truestudio for stm32 9.0.1/armtools/bin/../lib/gcc/arm-atollic-eabi/6.3.1/../../../../arm-atollic-eabi/lib/armv7-m\libc_nano.a(lib_a-printf.o)
                0x080017e0                iprintf
                0x080017e0                printf
 .text._cleanup_r
                0x08001810        0xc c:/program files (x86)/atollic/truestudio for stm32 9.0.1/armtools/bin/../lib/gcc/arm-atollic-eabi/6.3.1/../../../../arm-atollic-eabi/lib/armv7-m\libc_nano.a(lib_a-findfp.o)
                0x08001810                _cleanup_r
 .text.std.isra.0
                0x0800181c       0x48 c:/program files (x86)/atollic/truestudio for stm32 9.0.1/armtools/bin/../lib/gcc/arm-atollic-eabi/6.3.1/../../../../arm-atollic-eabi/lib/armv7-m\libc_nano.a(lib_a-findfp.o)
 .text.__sfmoreglue
                0x08001864       0x2c c:/program files (x86)/atollic/truestudio for stm32 9.0.1/armtools/bin/../lib/gcc/arm-atollic-eabi/6.3.1/../../../../arm-atollic-eabi/lib/armv7-m\libc_nano.a(lib_a-findfp.o)
                0x08001864                __sfmoreglue
 .text.__sinit  0x08001890       0x60 c:/program files (x86)/atollic/truestudio for stm32 9.0.1/armtools/bin/../lib/gcc/arm-atollic-eabi/6.3.1/../../../../arm-atollic-eabi/lib/armv7-m\libc_nano.a(lib_a-findfp.o)
                0x08001890                __sinit
 .text.__sfp    0x080018f0       0x78 c:/program files (x86)/atollic/truestudio for stm32 9.0.1/armtools/bin/../lib/gcc/arm-atollic-eabi/6.3.1/../../../../arm-atollic-eabi/lib/armv7-m\libc_nano.a(lib_a-findfp.o)
                0x080018f0                __sfp
 .text._fwalk_reent
                0x08001968       0x3c c:/program files (x86)/atollic/truestudio for stm32 9.0.1/armtools/bin/../lib/gcc/arm-atollic-eabi/6.3.1/../../../../arm-atollic-eabi/lib/armv7-m\libc_nano.a(lib_a-fwalk.o)
                0x08001968                _fwalk_reent
 .text._free_r  0x080019a4       0x98 c:/program files (x86)/atollic/truestudio for stm32 9.0.1/armtools/bin/../lib/gcc/arm-atollic-eabi/6.3.1/../../../../arm-atollic-eabi/lib/armv7-m\libc_nano.a(lib_a-nano-freer.o)
                0x080019a4                _free_r
 .text._malloc_r
                0x08001a3c       0xbc c:/program files (x86)/atollic/truestudio for stm32 9.0.1/armtools/bin/../lib/gcc/arm-atollic-eabi/6.3.1/../../../../arm-atollic-eabi/lib/armv7-m\libc_nano.a(lib_a-nano-mallocr.o)
                0x08001a3c                _malloc_r
 .text.__sfputc_r
                0x08001af8       0x2c c:/program files (x86)/atollic/truestudio for stm32 9.0.1/armtools/bin/../lib/gcc/arm-atollic-eabi/6.3.1/../../../../arm-atollic-eabi/lib/armv7-m\libc_nano.a(lib_a-nano-vfprintf.o)
 .text.__sfputs_r
                0x08001b24       0x24 c:/program files (x86)/atollic/truestudio for stm32 9.0.1/armtools/bin/../lib/gcc/arm-atollic-eabi/6.3.1/../../../../arm-atollic-eabi/lib/armv7-m\libc_nano.a(lib_a-nano-vfprintf.o)
                0x08001b24                __sfputs_r
 .text._vfprintf_r
                0x08001b48      0x22c c:/program files (x86)/atollic/truestudio for stm32 9.0.1/armtools/bin/../lib/gcc/arm-atollic-eabi/6.3.1/../../../../arm-atollic-eabi/lib/armv7-m\libc_nano.a(lib_a-nano-vfprintf.o)
                0x08001b48                _vfprintf_r
                0x08001b48                _vfiprintf_r
 .text._printf_common
                0x08001d74       0xee c:/program files (x86)/atollic/truestudio for stm32 9.0.1/armtools/bin/../lib/gcc/arm-atollic-eabi/6.3.1/../../../../arm-atollic-eabi/lib/armv7-m\libc_nano.a(lib_a-nano-vfprintf_i.o)
                0x08001d74                _printf_common
 *fill*         0x08001e62        0x2 
 .text._printf_i
                0x08001e64      0x240 c:/program files (x86)/atollic/truestudio for stm32 9.0.1/armtools/bin/../lib/gcc/arm-atollic-eabi/6.3.1/../../../../arm-atollic-eabi/lib/armv7-m\libc_nano.a(lib_a-nano-vfprintf_i.o)
                0x08001e64                _printf_i
 .text._sbrk_r  0x080020a4       0x20 c:/program files (x86)/atollic/truestudio for stm32 9.0.1/armtools/bin/../lib/gcc/arm-atollic-eabi/6.3.1/../../../../arm-atollic-eabi/lib/armv7-m\libc_nano.a(lib_a-sbrkr.o)
                0x080020a4                _sbrk_r
 .text.__sread  0x080020c4       0x22 c:/program files (x86)/atollic/truestudio for stm32 9.0.1/armtools/bin/../lib/gcc/arm-atollic-eabi/6.3.1/../../../../arm-atollic-eabi/lib/armv7-m\libc_nano.a(lib_a-stdio.o)
                0x080020c4                __sread
 .text.__swrite
                0x080020e6       0x38 c:/program files (x86)/atollic/truestudio for stm32 9.0.1/armtools/bin/../lib/gcc/arm-atollic-eabi/6.3.1/../../../../arm-atollic-eabi/lib/armv7-m\libc_nano.a(lib_a-stdio.o)
                0x080020e6                __swrite
 .text.__sseek  0x0800211e       0x24 c:/program files (x86)/atollic/truestudio for stm32 9.0.1/armtools/bin/../lib/gcc/arm-atollic-eabi/6.3.1/../../../../arm-atollic-eabi/lib/armv7-m\libc_nano.a(lib_a-stdio.o)
                0x0800211e                __sseek
 .text.__sclose
                0x08002142        0x8 c:/program files (x86)/atollic/truestudio for stm32 9.0.1/armtools/bin/../lib/gcc/arm-atollic-eabi/6.3.1/../../../../arm-atollic-eabi/lib/armv7-m\libc_nano.a(lib_a-stdio.o)
                0x08002142                __sclose
 *fill*         0x0800214a        0x2 
 .text.__swbuf_r
                0x0800214c       0xa4 c:/program files (x86)/atollic/truestudio for stm32 9.0.1/armtools/bin/../lib/gcc/arm-atollic-eabi/6.3.1/../../../../arm-atollic-eabi/lib/armv7-m\libc_nano.a(lib_a-wbuf.o)
                0x0800214c                __swbuf_r
 .text._write_r
                0x080021f0       0x24 c:/program files (x86)/atollic/truestudio for stm32 9.0.1/armtools/bin/../lib/gcc/arm-atollic-eabi/6.3.1/../../../../arm-atollic-eabi/lib/armv7-m\libc_nano.a(lib_a-writer.o)
                0x080021f0                _write_r
 .text.__swsetup_r
                0x08002214       0xdc c:/program files (x86)/atollic/truestudio for stm32 9.0.1/armtools/bin/../lib/gcc/arm-atollic-eabi/6.3.1/../../../../arm-atollic-eabi/lib/armv7-m\libc_nano.a(lib_a-wsetup.o)
                0x08002214                __swsetup_r
 .text._close_r
                0x080022f0       0x20 c:/program files (x86)/atollic/truestudio for stm32 9.0.1/armtools/bin/../lib/gcc/arm-atollic-eabi/6.3.1/../../../../arm-atollic-eabi/lib/armv7-m\libc_nano.a(lib_a-closer.o)
                0x080022f0                _close_r
 .text.__sflush_r
                0x08002310      0x110 c:/program files (x86)/atollic/truestudio for stm32 9.0.1/armtools/bin/../lib/gcc/arm-atollic-eabi/6.3.1/../../../../arm-atollic-eabi/lib/armv7-m\libc_nano.a(lib_a-fflush.o)
                0x08002310                __sflush_r
 .text._fflush_r
                0x08002420       0x54 c:/program files (x86)/atollic/truestudio for stm32 9.0.1/armtools/bin/../lib/gcc/arm-atollic-eabi/6.3.1/../../../../arm-atollic-eabi/lib/armv7-m\libc_nano.a(lib_a-fflush.o)
                0x08002420                _fflush_r
 .text._lseek_r
                0x08002474       0x24 c:/program files (x86)/atollic/truestudio for stm32 9.0.1/armtools/bin/../lib/gcc/arm-atollic-eabi/6.3.1/../../../../arm-atollic-eabi/lib/armv7-m\libc_nano.a(lib_a-lseekr.o)
                0x08002474                _lseek_r
 .text.__swhatbuf_r
                0x08002498       0x48 c:/program files (x86)/atollic/truestudio for stm32 9.0.1/armtools/bin/../lib/gcc/arm-atollic-eabi/6.3.1/../../../../arm-atollic-eabi/lib/armv7-m\libc_nano.a(lib_a-makebuf.o)
                0x08002498                __swhatbuf_r
 .text.__smakebuf_r
                0x080024e0       0x80 c:/program files (x86)/atollic/truestudio for stm32 9.0.1/armtools/bin/../lib/gcc/arm-atollic-eabi/6.3.1/../../../../arm-atollic-eabi/lib/armv7-m\libc_nano.a(lib_a-makebuf.o)
                0x080024e0                __smakebuf_r
 .text.memchr   0x08002560       0x1c c:/program files (x86)/atollic/truestudio for stm32 9.0.1/armtools/bin/../lib/gcc/arm-atollic-eabi/6.3.1/../../../../arm-atollic-eabi/lib/armv7-m\libc_nano.a(lib_a-memchr-stub.o)
                0x08002560                memchr
 .text.__malloc_lock
                0x0800257c        0x2 c:/program files (x86)/atollic/truestudio for stm32 9.0.1/armtools/bin/../lib/gcc/arm-atollic-eabi/6.3.1/../../../../arm-atollic-eabi/lib/armv7-m\libc_nano.a(lib_a-mlock.o)
                0x0800257c                __malloc_lock
 .text.__malloc_unlock
                0x0800257e        0x2 c:/program files (x86)/atollic/truestudio for stm32 9.0.1/armtools/bin/../lib/gcc/arm-atollic-eabi/6.3.1/../../../../arm-atollic-eabi/lib/armv7-m\libc_nano.a(lib_a-mlock.o)
                0x0800257e                __malloc_unlock
 .text._read_r  0x08002580       0x24 c:/program files (x86)/atollic/truestudio for stm32 9.0.1/armtools/bin/../lib/gcc/arm-atollic-eabi/6.3.1/../../../../arm-atollic-eabi/lib/armv7-m\libc_nano.a(lib_a-readr.o)
                0x08002580                _read_r
 .text._fstat_r
                0x080025a4       0x24 c:/program files (x86)/atollic/truestudio for stm32 9.0.1/armtools/bin/../lib/gcc/arm-atollic-eabi/6.3.1/../../../../arm-atollic-eabi/lib/armv7-m\libc_nano.a(lib_a-fstatr.o)
                0x080025a4                _fstat_r
 .text._isatty_r
                0x080025c8       0x20 c:/program files (x86)/atollic/truestudio for stm32 9.0.1/armtools/bin/../lib/gcc/arm-atollic-eabi/6.3.1/../../../../arm-atollic-eabi/lib/armv7-m\libc_nano.a(lib_a-isattyr.o)
                0x080025c8                _isatty_r
 *(.glue_7)
 .glue_7        0x080025e8        0x0 linker stubs
 *(.glue_7t)
 .glue_7t       0x080025e8        0x0 linker stubs
 *(.eh_frame)
 .eh_frame      0x080025e8        0x0 c:/program files (x86)/atollic/truestudio for stm32 9.0.1/armtools/bin/../lib/gcc/arm-atollic-eabi/6.3.1/armv7-m/crtbegin.o
 *(.init)
 .init          0x080025e8        0x4 c:/program files (x86)/atollic/truestudio for stm32 9.0.1/armtools/bin/../lib/gcc/arm-atollic-eabi/6.3.1/armv7-m/crti.o
                0x080025e8                _init
 .init          0x080025ec        0x8 c:/program files (x86)/atollic/truestudio for stm32 9.0.1/armtools/bin/../lib/gcc/arm-atollic-eabi/6.3.1/armv7-m/crtn.o
 *(.fini)
 .fini          0x080025f4        0x4 c:/program files (x86)/atollic/truestudio for stm32 9.0.1/armtools/bin/../lib/gcc/arm-atollic-eabi/6.3.1/armv7-m/crti.o
                0x080025f4                _fini
 .fini          0x080025f8        0x8 c:/program files (x86)/atollic/truestudio for stm32 9.0.1/armtools/bin/../lib/gcc/arm-atollic-eabi/6.3.1/armv7-m/crtn.o
                0x08002600                . = ALIGN (0x4)
                0x08002600                _etext = .

.vfp11_veneer   0x08002600        0x0
 .vfp11_veneer  0x08002600        0x0 linker stubs

.v4_bx          0x08002600        0x0
 .v4_bx         0x08002600        0x0 linker stubs

.iplt           0x08002600        0x0
 .iplt          0x08002600        0x0 c:/program files (x86)/atollic/truestudio for stm32 9.0.1/armtools/bin/../lib/gcc/arm-atollic-eabi/6.3.1/armv7-m/crtbegin.o

.rodata         0x08002600      0x194
                0x08002600                . = ALIGN (0x4)
 *(.rodata)
 .rodata        0x08002600       0x20 Drivers\STM32F1xx_HAL_Driver\stm32f1xx_hal_rcc.o
 *(.rodata*)
 .rodata.LED_PIN
                0x08002620        0x4 Drivers\BSP\STM32VL-Discovery\stm32vl_discovery.o
                0x08002620                LED_PIN
 .rodata.AHBPrescTable
                0x08002624       0x10 Drivers\CMSIS\system_stm32f1xx.o
                0x08002624                AHBPrescTable
 .rodata.APBPrescTable
                0x08002634        0x8 Drivers\CMSIS\system_stm32f1xx.o
                0x08002634                APBPrescTable
 .rodata.brush_state_handler.str1.1
                0x0800263c       0x16 Example\User\car_wash.o
 .rodata.drying_state_handler.str1.1
                0x08002652       0x17 Example\User\car_wash.o
 .rodata.end_state_handler.str1.1
                0x08002669       0x13 Example\User\car_wash.o
 .rodata.foam_state_handler.str1.1
                0x0800267c       0x15 Example\User\car_wash.o
 .rodata.waiting_state_handler.str1.1
                0x08002691       0x29 Example\User\car_wash.o
 .rodata.washing_state_handler.str1.1
                0x080026ba       0x18 Example\User\car_wash.o
 .rodata.main.str1.1
                0x080026d2       0x27 Example\User\main.o
 *fill*         0x080026f9        0x3 
 .rodata.__sf_fake_stderr
                0x080026fc       0x20 c:/program files (x86)/atollic/truestudio for stm32 9.0.1/armtools/bin/../lib/gcc/arm-atollic-eabi/6.3.1/../../../../arm-atollic-eabi/lib/armv7-m\libc_nano.a(lib_a-findfp.o)
                0x080026fc                __sf_fake_stderr
 .rodata.__sf_fake_stdin
                0x0800271c       0x20 c:/program files (x86)/atollic/truestudio for stm32 9.0.1/armtools/bin/../lib/gcc/arm-atollic-eabi/6.3.1/../../../../arm-atollic-eabi/lib/armv7-m\libc_nano.a(lib_a-findfp.o)
                0x0800271c                __sf_fake_stdin
 .rodata.__sf_fake_stdout
                0x0800273c       0x20 c:/program files (x86)/atollic/truestudio for stm32 9.0.1/armtools/bin/../lib/gcc/arm-atollic-eabi/6.3.1/../../../../arm-atollic-eabi/lib/armv7-m\libc_nano.a(lib_a-findfp.o)
                0x0800273c                __sf_fake_stdout
 .rodata._global_impure_ptr
                0x0800275c        0x4 c:/program files (x86)/atollic/truestudio for stm32 9.0.1/armtools/bin/../lib/gcc/arm-atollic-eabi/6.3.1/../../../../arm-atollic-eabi/lib/armv7-m\libc_nano.a(lib_a-impure.o)
                0x0800275c                _global_impure_ptr
 .rodata._vfprintf_r.str1.1
                0x08002760       0x11 c:/program files (x86)/atollic/truestudio for stm32 9.0.1/armtools/bin/../lib/gcc/arm-atollic-eabi/6.3.1/../../../../arm-atollic-eabi/lib/armv7-m\libc_nano.a(lib_a-nano-vfprintf.o)
 .rodata._printf_i.str1.1
                0x08002771       0x22 c:/program files (x86)/atollic/truestudio for stm32 9.0.1/armtools/bin/../lib/gcc/arm-atollic-eabi/6.3.1/../../../../arm-atollic-eabi/lib/armv7-m\libc_nano.a(lib_a-nano-vfprintf_i.o)
                0x08002794                . = ALIGN (0x4)
 *fill*         0x08002793        0x1 

.rel.dyn        0x08002794        0x0
 .rel.iplt      0x08002794        0x0 c:/program files (x86)/atollic/truestudio for stm32 9.0.1/armtools/bin/../lib/gcc/arm-atollic-eabi/6.3.1/armv7-m/crtbegin.o

.ARM.extab
 *(.ARM.extab* .gnu.linkonce.armextab.*)

.ARM            0x08002794        0x0
                0x08002794                __exidx_start = .
 *(.ARM.exidx*)
                0x08002794                __exidx_end = .

.preinit_array  0x08002794        0x0
                0x08002794                PROVIDE (__preinit_array_start, .)
 *(.preinit_array*)
                0x08002794                PROVIDE (__preinit_array_end, .)

.init_array     0x08002794        0x4
                0x08002794                PROVIDE (__init_array_start, .)
 *(SORT(.init_array.*))
 *(.init_array*)
 .init_array    0x08002794        0x4 c:/program files (x86)/atollic/truestudio for stm32 9.0.1/armtools/bin/../lib/gcc/arm-atollic-eabi/6.3.1/armv7-m/crtbegin.o
                0x08002798                PROVIDE (__init_array_end, .)

.fini_array     0x08002798        0x4
                [!provide]                PROVIDE (__fini_array_start, .)
 *(SORT(.fini_array.*))
 *(.fini_array*)
 .fini_array    0x08002798        0x4 c:/program files (x86)/atollic/truestudio for stm32 9.0.1/armtools/bin/../lib/gcc/arm-atollic-eabi/6.3.1/armv7-m/crtbegin.o
                [!provide]                PROVIDE (__fini_array_end, .)
                0x0800279c                _sidata = LOADADDR (.data)

.data           0x20000000       0x70 load address 0x0800279c
                0x20000000                . = ALIGN (0x4)
                0x20000000                _sdata = .
 *(.data)
 *(.data*)
 .data.LED_PORT
                0x20000000        0x8 Drivers\BSP\STM32VL-Discovery\stm32vl_discovery.o
                0x20000000                LED_PORT
 .data.SystemCoreClock
                0x20000008        0x4 Drivers\CMSIS\system_stm32f1xx.o
                0x20000008                SystemCoreClock
 .data._impure_ptr
                0x2000000c        0x4 c:/program files (x86)/atollic/truestudio for stm32 9.0.1/armtools/bin/../lib/gcc/arm-atollic-eabi/6.3.1/../../../../arm-atollic-eabi/lib/armv7-m\libc_nano.a(lib_a-impure.o)
                0x2000000c                _impure_ptr
 .data.impure_data
                0x20000010       0x60 c:/program files (x86)/atollic/truestudio for stm32 9.0.1/armtools/bin/../lib/gcc/arm-atollic-eabi/6.3.1/../../../../arm-atollic-eabi/lib/armv7-m\libc_nano.a(lib_a-impure.o)
                0x20000070                . = ALIGN (0x4)
                0x20000070                _edata = .

.igot.plt       0x20000070        0x0 load address 0x0800280c
 .igot.plt      0x20000070        0x0 c:/program files (x86)/atollic/truestudio for stm32 9.0.1/armtools/bin/../lib/gcc/arm-atollic-eabi/6.3.1/armv7-m/crtbegin.o
                0x20000070                . = ALIGN (0x4)

.bss            0x20000070      0x1a0 load address 0x0800280c
                0x20000070                _sbss = .
                0x20000070                __bss_start__ = _sbss
 *(.bss)
 .bss           0x20000070       0x1c c:/program files (x86)/atollic/truestudio for stm32 9.0.1/armtools/bin/../lib/gcc/arm-atollic-eabi/6.3.1/armv7-m/crtbegin.o
 *(.bss*)
 *fill*         0x2000008c        0x4 
 .bss.WM        0x20000090       0xe0 Example\User\car_wash.o
 .bss.app_start_button_pressed
                0x20000170        0x4 Example\User\car_wash.o
 .bss.ButtonPressed
                0x20000174        0x4 Example\User\main.o
 .bss.TimeoutTicked
                0x20000178        0x4 Example\User\main.o
 .bss.heap_end.5887
                0x2000017c        0x4 Example\User\syscalls.o
 .bss.__malloc_free_list
                0x20000180        0x4 c:/program files (x86)/atollic/truestudio for stm32 9.0.1/armtools/bin/../lib/gcc/arm-atollic-eabi/6.3.1/../../../../arm-atollic-eabi/lib/armv7-m\libc_nano.a(lib_a-nano-mallocr.o)
                0x20000180                __malloc_free_list
 .bss.__malloc_sbrk_start
                0x20000184        0x4 c:/program files (x86)/atollic/truestudio for stm32 9.0.1/armtools/bin/../lib/gcc/arm-atollic-eabi/6.3.1/../../../../arm-atollic-eabi/lib/armv7-m\libc_nano.a(lib_a-nano-mallocr.o)
                0x20000184                __malloc_sbrk_start
 *(COMMON)
 COMMON         0x20000188        0x4 Drivers\STM32F1xx_HAL_Driver\stm32f1xx_hal.o
                0x20000188                uwTick
 COMMON         0x2000018c       0x80 Example\User\main.o
                0x2000018c                UartHandle
                0x200001cc                TimHandle
 COMMON         0x2000020c        0x4 c:/program files (x86)/atollic/truestudio for stm32 9.0.1/armtools/bin/../lib/gcc/arm-atollic-eabi/6.3.1/../../../../arm-atollic-eabi/lib/armv7-m\libc_nano.a(lib_a-reent.o)
                0x2000020c                errno
                0x20000210                . = ALIGN (0x4)
                0x20000210                _ebss = .
                0x20000210                __bss_end__ = _ebss

._user_heap_stack
                0x20000210      0x600 load address 0x0800280c
                0x20000210                . = ALIGN (0x4)
                0x20000210                PROVIDE (end, .)
                [!provide]                PROVIDE (_end, .)
                0x20000410                . = (. + _Min_Heap_Size)
 *fill*         0x20000210      0x200 
                0x20000810                . = (. + _Min_Stack_Size)
 *fill*         0x20000410      0x400 
                0x20000810                . = ALIGN (0x4)

/DISCARD/
 libc.a(*)
 libm.a(*)
 libgcc.a(*)

.ARM.attributes
                0x00000000       0x29
 *(.ARM.attributes)
 .ARM.attributes
                0x00000000       0x1d c:/program files (x86)/atollic/truestudio for stm32 9.0.1/armtools/bin/../lib/gcc/arm-atollic-eabi/6.3.1/armv7-m/crti.o
 .ARM.attributes
                0x0000001d       0x2d c:/program files (x86)/atollic/truestudio for stm32 9.0.1/armtools/bin/../lib/gcc/arm-atollic-eabi/6.3.1/armv7-m/crtbegin.o
 .ARM.attributes
                0x0000004a       0x33 Drivers\BSP\STM32VL-Discovery\stm32vl_discovery.o
 .ARM.attributes
                0x0000007d       0x33 Drivers\CMSIS\system_stm32f1xx.o
 .ARM.attributes
                0x000000b0       0x33 Drivers\STM32F1xx_HAL_Driver\stm32f1xx_hal.o
 .ARM.attributes
                0x000000e3       0x33 Drivers\STM32F1xx_HAL_Driver\stm32f1xx_hal_cortex.o
 .ARM.attributes
                0x00000116       0x33 Drivers\STM32F1xx_HAL_Driver\stm32f1xx_hal_gpio.o
 .ARM.attributes
                0x00000149       0x33 Drivers\STM32F1xx_HAL_Driver\stm32f1xx_hal_rcc.o
 .ARM.attributes
                0x0000017c       0x33 Drivers\STM32F1xx_HAL_Driver\stm32f1xx_hal_tim.o
 .ARM.attributes
                0x000001af       0x33 Drivers\STM32F1xx_HAL_Driver\stm32f1xx_hal_tim_ex.o
 .ARM.attributes
                0x000001e2       0x33 Drivers\STM32F1xx_HAL_Driver\stm32f1xx_hal_uart.o
 .ARM.attributes
                0x00000215       0x21 Example\TrueSTUDIO\startup_stm32f100xb.o
 .ARM.attributes
                0x00000236       0x33 Example\User\car_wash.o
 .ARM.attributes
                0x00000269       0x33 Example\User\main.o
 .ARM.attributes
                0x0000029c       0x33 Example\User\stm32f1xx_hal_msp.o
 .ARM.attributes
                0x000002cf       0x33 Example\User\stm32f1xx_it.o
 .ARM.attributes
                0x00000302       0x33 Example\User\syscalls.o
 .ARM.attributes
                0x00000335       0x2d c:/program files (x86)/atollic/truestudio for stm32 9.0.1/armtools/bin/../lib/gcc/arm-atollic-eabi/6.3.1/../../../../arm-atollic-eabi/lib/armv7-m\libc_nano.a(lib_a-init.o)
 .ARM.attributes
                0x00000362       0x2d c:/program files (x86)/atollic/truestudio for stm32 9.0.1/armtools/bin/../lib/gcc/arm-atollic-eabi/6.3.1/../../../../arm-atollic-eabi/lib/armv7-m\libc_nano.a(lib_a-memset.o)
 .ARM.attributes
                0x0000038f       0x2d c:/program files (x86)/atollic/truestudio for stm32 9.0.1/armtools/bin/../lib/gcc/arm-atollic-eabi/6.3.1/../../../../arm-atollic-eabi/lib/armv7-m\libc_nano.a(lib_a-printf.o)
 .ARM.attributes
                0x000003bc       0x2d c:/program files (x86)/atollic/truestudio for stm32 9.0.1/armtools/bin/../lib/gcc/arm-atollic-eabi/6.3.1/../../../../arm-atollic-eabi/lib/armv7-m\libc_nano.a(lib_a-reent.o)
 .ARM.attributes
                0x000003e9       0x2d c:/program files (x86)/atollic/truestudio for stm32 9.0.1/armtools/bin/../lib/gcc/arm-atollic-eabi/6.3.1/../../../../arm-atollic-eabi/lib/armv7-m\libc_nano.a(lib_a-findfp.o)
 .ARM.attributes
                0x00000416       0x2d c:/program files (x86)/atollic/truestudio for stm32 9.0.1/armtools/bin/../lib/gcc/arm-atollic-eabi/6.3.1/../../../../arm-atollic-eabi/lib/armv7-m\libc_nano.a(lib_a-fwalk.o)
 .ARM.attributes
                0x00000443       0x2d c:/program files (x86)/atollic/truestudio for stm32 9.0.1/armtools/bin/../lib/gcc/arm-atollic-eabi/6.3.1/../../../../arm-atollic-eabi/lib/armv7-m\libc_nano.a(lib_a-impure.o)
 .ARM.attributes
                0x00000470       0x2d c:/program files (x86)/atollic/truestudio for stm32 9.0.1/armtools/bin/../lib/gcc/arm-atollic-eabi/6.3.1/../../../../arm-atollic-eabi/lib/armv7-m\libc_nano.a(lib_a-nano-freer.o)
 .ARM.attributes
                0x0000049d       0x2d c:/program files (x86)/atollic/truestudio for stm32 9.0.1/armtools/bin/../lib/gcc/arm-atollic-eabi/6.3.1/../../../../arm-atollic-eabi/lib/armv7-m\libc_nano.a(lib_a-nano-mallocr.o)
 .ARM.attributes
                0x000004ca       0x2d c:/program files (x86)/atollic/truestudio for stm32 9.0.1/armtools/bin/../lib/gcc/arm-atollic-eabi/6.3.1/../../../../arm-atollic-eabi/lib/armv7-m\libc_nano.a(lib_a-nano-vfprintf.o)
 .ARM.attributes
                0x000004f7       0x2d c:/program files (x86)/atollic/truestudio for stm32 9.0.1/armtools/bin/../lib/gcc/arm-atollic-eabi/6.3.1/../../../../arm-atollic-eabi/lib/armv7-m\libc_nano.a(lib_a-nano-vfprintf_i.o)
 .ARM.attributes
                0x00000524       0x2d c:/program files (x86)/atollic/truestudio for stm32 9.0.1/armtools/bin/../lib/gcc/arm-atollic-eabi/6.3.1/../../../../arm-atollic-eabi/lib/armv7-m\libc_nano.a(lib_a-sbrkr.o)
 .ARM.attributes
                0x00000551       0x2d c:/program files (x86)/atollic/truestudio for stm32 9.0.1/armtools/bin/../lib/gcc/arm-atollic-eabi/6.3.1/../../../../arm-atollic-eabi/lib/armv7-m\libc_nano.a(lib_a-stdio.o)
 .ARM.attributes
                0x0000057e       0x2d c:/program files (x86)/atollic/truestudio for stm32 9.0.1/armtools/bin/../lib/gcc/arm-atollic-eabi/6.3.1/../../../../arm-atollic-eabi/lib/armv7-m\libc_nano.a(lib_a-wbuf.o)
 .ARM.attributes
                0x000005ab       0x2d c:/program files (x86)/atollic/truestudio for stm32 9.0.1/armtools/bin/../lib/gcc/arm-atollic-eabi/6.3.1/../../../../arm-atollic-eabi/lib/armv7-m\libc_nano.a(lib_a-writer.o)
 .ARM.attributes
                0x000005d8       0x2d c:/program files (x86)/atollic/truestudio for stm32 9.0.1/armtools/bin/../lib/gcc/arm-atollic-eabi/6.3.1/../../../../arm-atollic-eabi/lib/armv7-m\libc_nano.a(lib_a-wsetup.o)
 .ARM.attributes
                0x00000605       0x2d c:/program files (x86)/atollic/truestudio for stm32 9.0.1/armtools/bin/../lib/gcc/arm-atollic-eabi/6.3.1/../../../../arm-atollic-eabi/lib/armv7-m\libc_nano.a(lib_a-closer.o)
 .ARM.attributes
                0x00000632       0x2d c:/program files (x86)/atollic/truestudio for stm32 9.0.1/armtools/bin/../lib/gcc/arm-atollic-eabi/6.3.1/../../../../arm-atollic-eabi/lib/armv7-m\libc_nano.a(lib_a-fflush.o)
 .ARM.attributes
                0x0000065f       0x2d c:/program files (x86)/atollic/truestudio for stm32 9.0.1/armtools/bin/../lib/gcc/arm-atollic-eabi/6.3.1/../../../../arm-atollic-eabi/lib/armv7-m\libc_nano.a(lib_a-lseekr.o)
 .ARM.attributes
                0x0000068c       0x2d c:/program files (x86)/atollic/truestudio for stm32 9.0.1/armtools/bin/../lib/gcc/arm-atollic-eabi/6.3.1/../../../../arm-atollic-eabi/lib/armv7-m\libc_nano.a(lib_a-makebuf.o)
 .ARM.attributes
                0x000006b9       0x2d c:/program files (x86)/atollic/truestudio for stm32 9.0.1/armtools/bin/../lib/gcc/arm-atollic-eabi/6.3.1/../../../../arm-atollic-eabi/lib/armv7-m\libc_nano.a(lib_a-memchr-stub.o)
 .ARM.attributes
                0x000006e6       0x2d c:/program files (x86)/atollic/truestudio for stm32 9.0.1/armtools/bin/../lib/gcc/arm-atollic-eabi/6.3.1/../../../../arm-atollic-eabi/lib/armv7-m\libc_nano.a(lib_a-mlock.o)
 .ARM.attributes
                0x00000713       0x2d c:/program files (x86)/atollic/truestudio for stm32 9.0.1/armtools/bin/../lib/gcc/arm-atollic-eabi/6.3.1/../../../../arm-atollic-eabi/lib/armv7-m\libc_nano.a(lib_a-readr.o)
 .ARM.attributes
                0x00000740       0x2d c:/program files (x86)/atollic/truestudio for stm32 9.0.1/armtools/bin/../lib/gcc/arm-atollic-eabi/6.3.1/../../../../arm-atollic-eabi/lib/armv7-m\libc_nano.a(lib_a-fstatr.o)
 .ARM.attributes
                0x0000076d       0x2d c:/program files (x86)/atollic/truestudio for stm32 9.0.1/armtools/bin/../lib/gcc/arm-atollic-eabi/6.3.1/../../../../arm-atollic-eabi/lib/armv7-m\libc_nano.a(lib_a-isattyr.o)
 .ARM.attributes
                0x0000079a       0x1d c:/program files (x86)/atollic/truestudio for stm32 9.0.1/armtools/bin/../lib/gcc/arm-atollic-eabi/6.3.1/armv7-m/crtn.o
OUTPUT(STM32VL-Discovery.elf elf32-littlearm)

.debug_info     0x00000000    0x12d3b
 .debug_info    0x00000000      0xfed Drivers\BSP\STM32VL-Discovery\stm32vl_discovery.o
 .debug_info    0x00000fed      0xc18 Drivers\CMSIS\system_stm32f1xx.o
 .debug_info    0x00001c05      0xe54 Drivers\STM32F1xx_HAL_Driver\stm32f1xx_hal.o
 .debug_info    0x00002a59     0x1457 Drivers\STM32F1xx_HAL_Driver\stm32f1xx_hal_cortex.o
 .debug_info    0x00003eb0      0xe96 Drivers\STM32F1xx_HAL_Driver\stm32f1xx_hal_gpio.o
 .debug_info    0x00004d46     0x110c Drivers\STM32F1xx_HAL_Driver\stm32f1xx_hal_rcc.o
 .debug_info    0x00005e52     0x3b74 Drivers\STM32F1xx_HAL_Driver\stm32f1xx_hal_tim.o
 .debug_info    0x000099c6     0x194c Drivers\STM32F1xx_HAL_Driver\stm32f1xx_hal_tim_ex.o
 .debug_info    0x0000b312     0x1e5a Drivers\STM32F1xx_HAL_Driver\stm32f1xx_hal_uart.o
 .debug_info    0x0000d16c       0xbc Example\TrueSTUDIO\startup_stm32f100xb.o
 .debug_info    0x0000d228      0xdff Example\User\car_wash.o
 .debug_info    0x0000e027     0x1aca Example\User\main.o
 .debug_info    0x0000faf1     0x13fd Example\User\stm32f1xx_hal_msp.o
 .debug_info    0x00010eee      0xec3 Example\User\stm32f1xx_it.o
 .debug_info    0x00011db1      0xf8a Example\User\syscalls.o

.debug_abbrev   0x00000000     0x2862
 .debug_abbrev  0x00000000      0x29f Drivers\BSP\STM32VL-Discovery\stm32vl_discovery.o
 .debug_abbrev  0x0000029f      0x1ca Drivers\CMSIS\system_stm32f1xx.o
 .debug_abbrev  0x00000469      0x2c2 Drivers\STM32F1xx_HAL_Driver\stm32f1xx_hal.o
 .debug_abbrev  0x0000072b      0x399 Drivers\STM32F1xx_HAL_Driver\stm32f1xx_hal_cortex.o
 .debug_abbrev  0x00000ac4      0x268 Drivers\STM32F1xx_HAL_Driver\stm32f1xx_hal_gpio.o
 .debug_abbrev  0x00000d2c      0x354 Drivers\STM32F1xx_HAL_Driver\stm32f1xx_hal_rcc.o
 .debug_abbrev  0x00001080      0x3bb Drivers\STM32F1xx_HAL_Driver\stm32f1xx_hal_tim.o
 .debug_abbrev  0x0000143b      0x30d Drivers\STM32F1xx_HAL_Driver\stm32f1xx_hal_tim_ex.o
 .debug_abbrev  0x00001748      0x364 Drivers\STM32F1xx_HAL_Driver\stm32f1xx_hal_uart.o
 .debug_abbrev  0x00001aac       0x12 Example\TrueSTUDIO\startup_stm32f100xb.o
 .debug_abbrev  0x00001abe      0x2ce Example\User\car_wash.o
 .debug_abbrev  0x00001d8c      0x388 Example\User\main.o
 .debug_abbrev  0x00002114      0x23d Example\User\stm32f1xx_hal_msp.o
 .debug_abbrev  0x00002351      0x22f Example\User\stm32f1xx_it.o
 .debug_abbrev  0x00002580      0x2e2 Example\User\syscalls.o

.debug_loc      0x00000000     0x5faa
 .debug_loc     0x00000000       0xe7 Drivers\BSP\STM32VL-Discovery\stm32vl_discovery.o
 .debug_loc     0x000000e7       0xe2 Drivers\CMSIS\system_stm32f1xx.o
 .debug_loc     0x000001c9       0x69 Drivers\STM32F1xx_HAL_Driver\stm32f1xx_hal.o
 .debug_loc     0x00000232      0x46b Drivers\STM32F1xx_HAL_Driver\stm32f1xx_hal_cortex.o
 .debug_loc     0x0000069d      0x36a Drivers\STM32F1xx_HAL_Driver\stm32f1xx_hal_gpio.o
 .debug_loc     0x00000a07      0x3d3 Drivers\STM32F1xx_HAL_Driver\stm32f1xx_hal_rcc.o
 .debug_loc     0x00000dda     0x30e5 Drivers\STM32F1xx_HAL_Driver\stm32f1xx_hal_tim.o
 .debug_loc     0x00003ebf      0x854 Drivers\STM32F1xx_HAL_Driver\stm32f1xx_hal_tim_ex.o
 .debug_loc     0x00004713     0x134d Drivers\STM32F1xx_HAL_Driver\stm32f1xx_hal_uart.o
 .debug_loc     0x00005a60      0x13a Example\User\car_wash.o
 .debug_loc     0x00005b9a       0x5f Example\User\main.o
 .debug_loc     0x00005bf9       0x63 Example\User\stm32f1xx_hal_msp.o
 .debug_loc     0x00005c5c      0x34e Example\User\syscalls.o

.debug_aranges  0x00000000      0x978
 .debug_aranges
                0x00000000       0x50 Drivers\BSP\STM32VL-Discovery\stm32vl_discovery.o
 .debug_aranges
                0x00000050       0x28 Drivers\CMSIS\system_stm32f1xx.o
 .debug_aranges
                0x00000078       0xb0 Drivers\STM32F1xx_HAL_Driver\stm32f1xx_hal.o
 .debug_aranges
                0x00000128       0x90 Drivers\STM32F1xx_HAL_Driver\stm32f1xx_hal_cortex.o
 .debug_aranges
                0x000001b8       0x58 Drivers\STM32F1xx_HAL_Driver\stm32f1xx_hal_gpio.o
 .debug_aranges
                0x00000210       0x88 Drivers\STM32F1xx_HAL_Driver\stm32f1xx_hal_rcc.o
 .debug_aranges
                0x00000298      0x250 Drivers\STM32F1xx_HAL_Driver\stm32f1xx_hal_tim.o
 .debug_aranges
                0x000004e8       0xe8 Drivers\STM32F1xx_HAL_Driver\stm32f1xx_hal_tim_ex.o
 .debug_aranges
                0x000005d0      0x170 Drivers\STM32F1xx_HAL_Driver\stm32f1xx_hal_uart.o
 .debug_aranges
                0x00000740       0x28 Example\TrueSTUDIO\startup_stm32f100xb.o
 .debug_aranges
                0x00000768       0x70 Example\User\car_wash.o
 .debug_aranges
                0x000007d8       0x68 Example\User\main.o
 .debug_aranges
                0x00000840       0x30 Example\User\stm32f1xx_hal_msp.o
 .debug_aranges
                0x00000870       0x58 Example\User\stm32f1xx_it.o
 .debug_aranges
                0x000008c8       0xb0 Example\User\syscalls.o

.debug_ranges   0x00000000      0xbe0
 .debug_ranges  0x00000000       0x58 Drivers\BSP\STM32VL-Discovery\stm32vl_discovery.o
 .debug_ranges  0x00000058       0x18 Drivers\CMSIS\system_stm32f1xx.o
 .debug_ranges  0x00000070       0xa0 Drivers\STM32F1xx_HAL_Driver\stm32f1xx_hal.o
 .debug_ranges  0x00000110      0x128 Drivers\STM32F1xx_HAL_Driver\stm32f1xx_hal_cortex.o
 .debug_ranges  0x00000238       0x60 Drivers\STM32F1xx_HAL_Driver\stm32f1xx_hal_gpio.o
 .debug_ranges  0x00000298       0xa0 Drivers\STM32F1xx_HAL_Driver\stm32f1xx_hal_rcc.o
 .debug_ranges  0x00000338      0x340 Drivers\STM32F1xx_HAL_Driver\stm32f1xx_hal_tim.o
 .debug_ranges  0x00000678       0xd8 Drivers\STM32F1xx_HAL_Driver\stm32f1xx_hal_tim_ex.o
 .debug_ranges  0x00000750      0x190 Drivers\STM32F1xx_HAL_Driver\stm32f1xx_hal_uart.o
 .debug_ranges  0x000008e0       0x20 Example\TrueSTUDIO\startup_stm32f100xb.o
 .debug_ranges  0x00000900       0x80 Example\User\car_wash.o
 .debug_ranges  0x00000980       0xe0 Example\User\main.o
 .debug_ranges  0x00000a60       0x98 Example\User\stm32f1xx_hal_msp.o
 .debug_ranges  0x00000af8       0x48 Example\User\stm32f1xx_it.o
 .debug_ranges  0x00000b40       0xa0 Example\User\syscalls.o

.debug_line     0x00000000     0x5760
 .debug_line    0x00000000      0x3b4 Drivers\BSP\STM32VL-Discovery\stm32vl_discovery.o
 .debug_line    0x000003b4      0x2b1 Drivers\CMSIS\system_stm32f1xx.o
 .debug_line    0x00000665      0x457 Drivers\STM32F1xx_HAL_Driver\stm32f1xx_hal.o
 .debug_line    0x00000abc      0x471 Drivers\STM32F1xx_HAL_Driver\stm32f1xx_hal_cortex.o
 .debug_line    0x00000f2d      0x49f Drivers\STM32F1xx_HAL_Driver\stm32f1xx_hal_gpio.o
 .debug_line    0x000013cc      0x635 Drivers\STM32F1xx_HAL_Driver\stm32f1xx_hal_rcc.o
 .debug_line    0x00001a01     0x1300 Drivers\STM32F1xx_HAL_Driver\stm32f1xx_hal_tim.o
 .debug_line    0x00002d01      0x76d Drivers\STM32F1xx_HAL_Driver\stm32f1xx_hal_tim_ex.o
 .debug_line    0x0000346e      0xca5 Drivers\STM32F1xx_HAL_Driver\stm32f1xx_hal_uart.o
 .debug_line    0x00004113       0x78 Example\TrueSTUDIO\startup_stm32f100xb.o
 .debug_line    0x0000418b      0x538 Example\User\car_wash.o
 .debug_line    0x000046c3      0x5b0 Example\User\main.o
 .debug_line    0x00004c73      0x39b Example\User\stm32f1xx_hal_msp.o
 .debug_line    0x0000500e      0x389 Example\User\stm32f1xx_it.o
 .debug_line    0x00005397      0x3c9 Example\User\syscalls.o

.debug_str      0x00000000     0x3934
 .debug_str     0x00000000      0xb01 Drivers\BSP\STM32VL-Discovery\stm32vl_discovery.o
                                0xbaf (size before relaxing)
 .debug_str     0x00000b01       0xb5 Drivers\CMSIS\system_stm32f1xx.o
                                0x74f (size before relaxing)
 .debug_str     0x00000bb6      0x26e Drivers\STM32F1xx_HAL_Driver\stm32f1xx_hal.o
                                0xbda (size before relaxing)
 .debug_str     0x00000e24      0x27b Drivers\STM32F1xx_HAL_Driver\stm32f1xx_hal_cortex.o
                                0xd57 (size before relaxing)
 .debug_str     0x0000109f      0x146 Drivers\STM32F1xx_HAL_Driver\stm32f1xx_hal_gpio.o
                                0x8ed (size before relaxing)
 .debug_str     0x000011e5      0x334 Drivers\STM32F1xx_HAL_Driver\stm32f1xx_hal_rcc.o
                                0xaac (size before relaxing)
 .debug_str     0x00001519     0x1117 Drivers\STM32F1xx_HAL_Driver\stm32f1xx_hal_tim.o
                               0x183f (size before relaxing)
 .debug_str     0x00002630      0x52f Drivers\STM32F1xx_HAL_Driver\stm32f1xx_hal_tim_ex.o
                               0x10e1 (size before relaxing)
 .debug_str     0x00002b5f      0x6fc Drivers\STM32F1xx_HAL_Driver\stm32f1xx_hal_uart.o
                               0x102f (size before relaxing)
 .debug_str     0x0000325b      0x29b Example\User\car_wash.o
                                0x928 (size before relaxing)
 .debug_str     0x000034f6      0x110 Example\User\main.o
                               0x12ca (size before relaxing)
 .debug_str     0x00003606       0x21 Example\User\stm32f1xx_hal_msp.o
                                0xfa2 (size before relaxing)
 .debug_str     0x00003627       0xcd Example\User\stm32f1xx_it.o
                                0xb20 (size before relaxing)
 .debug_str     0x000036f4      0x240 Example\User\syscalls.o
                                0x89d (size before relaxing)

.comment        0x00000000       0x7c
 .comment       0x00000000       0x7c Drivers\BSP\STM32VL-Discovery\stm32vl_discovery.o
                                 0x7d (size before relaxing)
 .comment       0x0000007c       0x7d Drivers\CMSIS\system_stm32f1xx.o
 .comment       0x0000007c       0x7d Drivers\STM32F1xx_HAL_Driver\stm32f1xx_hal.o
 .comment       0x0000007c       0x7d Drivers\STM32F1xx_HAL_Driver\stm32f1xx_hal_cortex.o
 .comment       0x0000007c       0x7d Drivers\STM32F1xx_HAL_Driver\stm32f1xx_hal_gpio.o
 .comment       0x0000007c       0x7d Drivers\STM32F1xx_HAL_Driver\stm32f1xx_hal_rcc.o
 .comment       0x0000007c       0x7d Drivers\STM32F1xx_HAL_Driver\stm32f1xx_hal_tim.o
 .comment       0x0000007c       0x7d Drivers\STM32F1xx_HAL_Driver\stm32f1xx_hal_tim_ex.o
 .comment       0x0000007c       0x7d Drivers\STM32F1xx_HAL_Driver\stm32f1xx_hal_uart.o
 .comment       0x0000007c       0x7d Example\User\car_wash.o
 .comment       0x0000007c       0x7d Example\User\main.o
 .comment       0x0000007c       0x7d Example\User\stm32f1xx_hal_msp.o
 .comment       0x0000007c       0x7d Example\User\stm32f1xx_it.o
 .comment       0x0000007c       0x7d Example\User\syscalls.o

.debug_frame    0x00000000     0x215c
 .debug_frame   0x00000000       0xb4 Drivers\BSP\STM32VL-Discovery\stm32vl_discovery.o
 .debug_frame   0x000000b4       0x38 Drivers\CMSIS\system_stm32f1xx.o
 .debug_frame   0x000000ec      0x174 Drivers\STM32F1xx_HAL_Driver\stm32f1xx_hal.o
 .debug_frame   0x00000260      0x120 Drivers\STM32F1xx_HAL_Driver\stm32f1xx_hal_cortex.o
 .debug_frame   0x00000380       0xd4 Drivers\STM32F1xx_HAL_Driver\stm32f1xx_hal_gpio.o
 .debug_frame   0x00000454      0x144 Drivers\STM32F1xx_HAL_Driver\stm32f1xx_hal_rcc.o
 .debug_frame   0x00000598      0x854 Drivers\STM32F1xx_HAL_Driver\stm32f1xx_hal_tim.o
 .debug_frame   0x00000dec      0x320 Drivers\STM32F1xx_HAL_Driver\stm32f1xx_hal_tim_ex.o
 .debug_frame   0x0000110c      0x4a0 Drivers\STM32F1xx_HAL_Driver\stm32f1xx_hal_uart.o
 .debug_frame   0x000015ac      0x100 Example\User\car_wash.o
 .debug_frame   0x000016ac       0xe8 Example\User\main.o
 .debug_frame   0x00001794       0x64 Example\User\stm32f1xx_hal_msp.o
 .debug_frame   0x000017f8       0xc0 Example\User\stm32f1xx_it.o
 .debug_frame   0x000018b8      0x168 Example\User\syscalls.o
 .debug_frame   0x00001a20       0x2c c:/program files (x86)/atollic/truestudio for stm32 9.0.1/armtools/bin/../lib/gcc/arm-atollic-eabi/6.3.1/../../../../arm-atollic-eabi/lib/armv7-m\libc_nano.a(lib_a-init.o)
 .debug_frame   0x00001a4c       0x20 c:/program files (x86)/atollic/truestudio for stm32 9.0.1/armtools/bin/../lib/gcc/arm-atollic-eabi/6.3.1/../../../../arm-atollic-eabi/lib/armv7-m\libc_nano.a(lib_a-memset.o)
 .debug_frame   0x00001a6c       0x74 c:/program files (x86)/atollic/truestudio for stm32 9.0.1/armtools/bin/../lib/gcc/arm-atollic-eabi/6.3.1/../../../../arm-atollic-eabi/lib/armv7-m\libc_nano.a(lib_a-printf.o)
 .debug_frame   0x00001ae0       0x5c c:/program files (x86)/atollic/truestudio for stm32 9.0.1/armtools/bin/../lib/gcc/arm-atollic-eabi/6.3.1/../../../../arm-atollic-eabi/lib/armv7-m\libc_nano.a(lib_a-reent.o)
 .debug_frame   0x00001b3c      0x11c c:/program files (x86)/atollic/truestudio for stm32 9.0.1/armtools/bin/../lib/gcc/arm-atollic-eabi/6.3.1/../../../../arm-atollic-eabi/lib/armv7-m\libc_nano.a(lib_a-findfp.o)
 .debug_frame   0x00001c58       0x54 c:/program files (x86)/atollic/truestudio for stm32 9.0.1/armtools/bin/../lib/gcc/arm-atollic-eabi/6.3.1/../../../../arm-atollic-eabi/lib/armv7-m\libc_nano.a(lib_a-fwalk.o)
 .debug_frame   0x00001cac       0x38 c:/program files (x86)/atollic/truestudio for stm32 9.0.1/armtools/bin/../lib/gcc/arm-atollic-eabi/6.3.1/../../../../arm-atollic-eabi/lib/armv7-m\libc_nano.a(lib_a-nano-freer.o)
 .debug_frame   0x00001ce4       0x2c c:/program files (x86)/atollic/truestudio for stm32 9.0.1/armtools/bin/../lib/gcc/arm-atollic-eabi/6.3.1/../../../../arm-atollic-eabi/lib/armv7-m\libc_nano.a(lib_a-nano-mallocr.o)
 .debug_frame   0x00001d10       0xac c:/program files (x86)/atollic/truestudio for stm32 9.0.1/armtools/bin/../lib/gcc/arm-atollic-eabi/6.3.1/../../../../arm-atollic-eabi/lib/armv7-m\libc_nano.a(lib_a-nano-vfprintf.o)
 .debug_frame   0x00001dbc       0x60 c:/program files (x86)/atollic/truestudio for stm32 9.0.1/armtools/bin/../lib/gcc/arm-atollic-eabi/6.3.1/../../../../arm-atollic-eabi/lib/armv7-m\libc_nano.a(lib_a-nano-vfprintf_i.o)
 .debug_frame   0x00001e1c       0x2c c:/program files (x86)/atollic/truestudio for stm32 9.0.1/armtools/bin/../lib/gcc/arm-atollic-eabi/6.3.1/../../../../arm-atollic-eabi/lib/armv7-m\libc_nano.a(lib_a-sbrkr.o)
 .debug_frame   0x00001e48       0x88 c:/program files (x86)/atollic/truestudio for stm32 9.0.1/armtools/bin/../lib/gcc/arm-atollic-eabi/6.3.1/../../../../arm-atollic-eabi/lib/armv7-m\libc_nano.a(lib_a-stdio.o)
 .debug_frame   0x00001ed0       0x40 c:/program files (x86)/atollic/truestudio for stm32 9.0.1/armtools/bin/../lib/gcc/arm-atollic-eabi/6.3.1/../../../../arm-atollic-eabi/lib/armv7-m\libc_nano.a(lib_a-wbuf.o)
 .debug_frame   0x00001f10       0x2c c:/program files (x86)/atollic/truestudio for stm32 9.0.1/armtools/bin/../lib/gcc/arm-atollic-eabi/6.3.1/../../../../arm-atollic-eabi/lib/armv7-m\libc_nano.a(lib_a-writer.o)
 .debug_frame   0x00001f3c       0x2c c:/program files (x86)/atollic/truestudio for stm32 9.0.1/armtools/bin/../lib/gcc/arm-atollic-eabi/6.3.1/../../../../arm-atollic-eabi/lib/armv7-m\libc_nano.a(lib_a-wsetup.o)
 .debug_frame   0x00001f68       0x2c c:/program files (x86)/atollic/truestudio for stm32 9.0.1/armtools/bin/../lib/gcc/arm-atollic-eabi/6.3.1/../../../../arm-atollic-eabi/lib/armv7-m\libc_nano.a(lib_a-closer.o)
 .debug_frame   0x00001f94       0x68 c:/program files (x86)/atollic/truestudio for stm32 9.0.1/armtools/bin/../lib/gcc/arm-atollic-eabi/6.3.1/../../../../arm-atollic-eabi/lib/armv7-m\libc_nano.a(lib_a-fflush.o)
 .debug_frame   0x00001ffc       0x2c c:/program files (x86)/atollic/truestudio for stm32 9.0.1/armtools/bin/../lib/gcc/arm-atollic-eabi/6.3.1/../../../../arm-atollic-eabi/lib/armv7-m\libc_nano.a(lib_a-lseekr.o)
 .debug_frame   0x00002028       0x58 c:/program files (x86)/atollic/truestudio for stm32 9.0.1/armtools/bin/../lib/gcc/arm-atollic-eabi/6.3.1/../../../../arm-atollic-eabi/lib/armv7-m\libc_nano.a(lib_a-makebuf.o)
 .debug_frame   0x00002080       0x28 c:/program files (x86)/atollic/truestudio for stm32 9.0.1/armtools/bin/../lib/gcc/arm-atollic-eabi/6.3.1/../../../../arm-atollic-eabi/lib/armv7-m\libc_nano.a(lib_a-memchr-stub.o)
 .debug_frame   0x000020a8       0x30 c:/program files (x86)/atollic/truestudio for stm32 9.0.1/armtools/bin/../lib/gcc/arm-atollic-eabi/6.3.1/../../../../arm-atollic-eabi/lib/armv7-m\libc_nano.a(lib_a-mlock.o)
 .debug_frame   0x000020d8       0x2c c:/program files (x86)/atollic/truestudio for stm32 9.0.1/armtools/bin/../lib/gcc/arm-atollic-eabi/6.3.1/../../../../arm-atollic-eabi/lib/armv7-m\libc_nano.a(lib_a-readr.o)
 .debug_frame   0x00002104       0x2c c:/program files (x86)/atollic/truestudio for stm32 9.0.1/armtools/bin/../lib/gcc/arm-atollic-eabi/6.3.1/../../../../arm-atollic-eabi/lib/armv7-m\libc_nano.a(lib_a-fstatr.o)
 .debug_frame   0x00002130       0x2c c:/program files (x86)/atollic/truestudio for stm32 9.0.1/armtools/bin/../lib/gcc/arm-atollic-eabi/6.3.1/../../../../arm-atollic-eabi/lib/armv7-m\libc_nano.a(lib_a-isattyr.o)

Cross Reference Table

Symbol                                            File
ADC1_IRQHandler                                   Example\TrueSTUDIO\startup_stm32f100xb.o
AHBPrescTable                                     Drivers\CMSIS\system_stm32f1xx.o
                                                  Drivers\STM32F1xx_HAL_Driver\stm32f1xx_hal_rcc.o
APBPrescTable                                     Drivers\CMSIS\system_stm32f1xx.o
                                                  Drivers\STM32F1xx_HAL_Driver\stm32f1xx_hal_rcc.o
ApplicationScan                                   Example\User\car_wash.o
                                                  Example\User\main.o
BSP_GetVersion                                    Drivers\BSP\STM32VL-Discovery\stm32vl_discovery.o
BSP_LED_Init                                      Drivers\BSP\STM32VL-Discovery\stm32vl_discovery.o
                                                  Example\User\main.o
BSP_LED_Off                                       Drivers\BSP\STM32VL-Discovery\stm32vl_discovery.o
BSP_LED_On                                        Drivers\BSP\STM32VL-Discovery\stm32vl_discovery.o
                                                  Example\User\main.o
BSP_LED_Toggle                                    Drivers\BSP\STM32VL-Discovery\stm32vl_discovery.o
                                                  Example\User\main.o
BSP_PB_GetState                                   Drivers\BSP\STM32VL-Discovery\stm32vl_discovery.o
BSP_PB_Init                                       Drivers\BSP\STM32VL-Discovery\stm32vl_discovery.o
BUTTON_IRQn                                       Drivers\BSP\STM32VL-Discovery\stm32vl_discovery.o
BUTTON_PIN                                        Drivers\BSP\STM32VL-Discovery\stm32vl_discovery.o
BUTTON_PORT                                       Drivers\BSP\STM32VL-Discovery\stm32vl_discovery.o
BusFault_Handler                                  Example\User\stm32f1xx_it.o
                                                  Example\TrueSTUDIO\startup_stm32f100xb.o
ButtonDissableInt                                 Example\User\main.o
                                                  Example\User\car_wash.o
ButtonEnableInt                                   Example\User\main.o
                                                  Example\User\car_wash.o
ButtonGetAndConsumeEvent                          Example\User\main.o
                                                  Example\User\car_wash.o
ButtonGetEvent                                    Example\User\main.o
CEC_IRQHandler                                    Example\TrueSTUDIO\startup_stm32f100xb.o
DMA1_Channel1_IRQHandler                          Example\TrueSTUDIO\startup_stm32f100xb.o
DMA1_Channel2_IRQHandler                          Example\TrueSTUDIO\startup_stm32f100xb.o
DMA1_Channel3_IRQHandler                          Example\TrueSTUDIO\startup_stm32f100xb.o
DMA1_Channel4_IRQHandler                          Example\TrueSTUDIO\startup_stm32f100xb.o
DMA1_Channel5_IRQHandler                          Example\TrueSTUDIO\startup_stm32f100xb.o
DMA1_Channel6_IRQHandler                          Example\TrueSTUDIO\startup_stm32f100xb.o
DMA1_Channel7_IRQHandler                          Example\TrueSTUDIO\startup_stm32f100xb.o
DebugMon_Handler                                  Example\User\stm32f1xx_it.o
                                                  Example\TrueSTUDIO\startup_stm32f100xb.o
Default_Handler                                   Example\TrueSTUDIO\startup_stm32f100xb.o
EXTI0_IRQHandler                                  Example\User\stm32f1xx_it.o
                                                  Example\TrueSTUDIO\startup_stm32f100xb.o
EXTI15_10_IRQHandler                              Example\TrueSTUDIO\startup_stm32f100xb.o
EXTI1_IRQHandler                                  Example\TrueSTUDIO\startup_stm32f100xb.o
EXTI2_IRQHandler                                  Example\TrueSTUDIO\startup_stm32f100xb.o
EXTI3_IRQHandler                                  Example\TrueSTUDIO\startup_stm32f100xb.o
EXTI4_IRQHandler                                  Example\TrueSTUDIO\startup_stm32f100xb.o
EXTI9_5_IRQHandler                                Example\TrueSTUDIO\startup_stm32f100xb.o
FLASH_IRQHandler                                  Example\TrueSTUDIO\startup_stm32f100xb.o
HAL_DBGMCU_DisableDBGSleepMode                    Drivers\STM32F1xx_HAL_Driver\stm32f1xx_hal.o
HAL_DBGMCU_DisableDBGStandbyMode                  Drivers\STM32F1xx_HAL_Driver\stm32f1xx_hal.o
HAL_DBGMCU_DisableDBGStopMode                     Drivers\STM32F1xx_HAL_Driver\stm32f1xx_hal.o
HAL_DBGMCU_EnableDBGSleepMode                     Drivers\STM32F1xx_HAL_Driver\stm32f1xx_hal.o
HAL_DBGMCU_EnableDBGStandbyMode                   Drivers\STM32F1xx_HAL_Driver\stm32f1xx_hal.o
HAL_DBGMCU_EnableDBGStopMode                      Drivers\STM32F1xx_HAL_Driver\stm32f1xx_hal.o
HAL_DMA_Abort                                     Drivers\STM32F1xx_HAL_Driver\stm32f1xx_hal_dma.o
                                                  Drivers\STM32F1xx_HAL_Driver\stm32f1xx_hal_uart.o
                                                  Drivers\STM32F1xx_HAL_Driver\stm32f1xx_hal_tim.o
HAL_DMA_Abort_IT                                  Drivers\STM32F1xx_HAL_Driver\stm32f1xx_hal_dma.o
                                                  Drivers\STM32F1xx_HAL_Driver\stm32f1xx_hal_uart.o
HAL_DMA_DeInit                                    Drivers\STM32F1xx_HAL_Driver\stm32f1xx_hal_dma.o
HAL_DMA_GetError                                  Drivers\STM32F1xx_HAL_Driver\stm32f1xx_hal_dma.o
HAL_DMA_GetState                                  Drivers\STM32F1xx_HAL_Driver\stm32f1xx_hal_dma.o
HAL_DMA_IRQHandler                                Drivers\STM32F1xx_HAL_Driver\stm32f1xx_hal_dma.o
HAL_DMA_Init                                      Drivers\STM32F1xx_HAL_Driver\stm32f1xx_hal_dma.o
HAL_DMA_PollForTransfer                           Drivers\STM32F1xx_HAL_Driver\stm32f1xx_hal_dma.o
HAL_DMA_RegisterCallback                          Drivers\STM32F1xx_HAL_Driver\stm32f1xx_hal_dma.o
HAL_DMA_Start                                     Drivers\STM32F1xx_HAL_Driver\stm32f1xx_hal_dma.o
HAL_DMA_Start_IT                                  Drivers\STM32F1xx_HAL_Driver\stm32f1xx_hal_dma.o
                                                  Drivers\STM32F1xx_HAL_Driver\stm32f1xx_hal_uart.o
                                                  Drivers\STM32F1xx_HAL_Driver\stm32f1xx_hal_tim_ex.o
                                                  Drivers\STM32F1xx_HAL_Driver\stm32f1xx_hal_tim.o
HAL_DMA_UnRegisterCallback                        Drivers\STM32F1xx_HAL_Driver\stm32f1xx_hal_dma.o
HAL_DeInit                                        Drivers\STM32F1xx_HAL_Driver\stm32f1xx_hal.o
HAL_Delay                                         Drivers\STM32F1xx_HAL_Driver\stm32f1xx_hal.o
HAL_GPIO_DeInit                                   Drivers\STM32F1xx_HAL_Driver\stm32f1xx_hal_gpio.o
                                                  Example\User\stm32f1xx_hal_msp.o
HAL_GPIO_EXTI_Callback                            Example\User\main.o
                                                  Drivers\STM32F1xx_HAL_Driver\stm32f1xx_hal_gpio.o
HAL_GPIO_EXTI_IRQHandler                          Drivers\STM32F1xx_HAL_Driver\stm32f1xx_hal_gpio.o
                                                  Example\User\stm32f1xx_it.o
HAL_GPIO_Init                                     Drivers\STM32F1xx_HAL_Driver\stm32f1xx_hal_gpio.o
                                                  Example\User\stm32f1xx_hal_msp.o
                                                  Example\User\main.o
                                                  Drivers\STM32F1xx_HAL_Driver\stm32f1xx_hal_rcc.o
                                                  Drivers\BSP\STM32VL-Discovery\stm32vl_discovery.o
HAL_GPIO_LockPin                                  Drivers\STM32F1xx_HAL_Driver\stm32f1xx_hal_gpio.o
HAL_GPIO_ReadPin                                  Drivers\STM32F1xx_HAL_Driver\stm32f1xx_hal_gpio.o
                                                  Example\User\car_wash.o
                                                  Drivers\BSP\STM32VL-Discovery\stm32vl_discovery.o
HAL_GPIO_TogglePin                                Drivers\STM32F1xx_HAL_Driver\stm32f1xx_hal_gpio.o
                                                  Drivers\BSP\STM32VL-Discovery\stm32vl_discovery.o
HAL_GPIO_WritePin                                 Drivers\STM32F1xx_HAL_Driver\stm32f1xx_hal_gpio.o
                                                  Example\User\main.o
                                                  Drivers\BSP\STM32VL-Discovery\stm32vl_discovery.o
HAL_GetDEVID                                      Drivers\STM32F1xx_HAL_Driver\stm32f1xx_hal.o
HAL_GetHalVersion                                 Drivers\STM32F1xx_HAL_Driver\stm32f1xx_hal.o
HAL_GetREVID                                      Drivers\STM32F1xx_HAL_Driver\stm32f1xx_hal.o
HAL_GetTick                                       Drivers\STM32F1xx_HAL_Driver\stm32f1xx_hal.o
                                                  Drivers\STM32F1xx_HAL_Driver\stm32f1xx_hal_uart.o
                                                  Drivers\STM32F1xx_HAL_Driver\stm32f1xx_hal_rcc_ex.o
                                                  Drivers\STM32F1xx_HAL_Driver\stm32f1xx_hal_rcc.o
                                                  Drivers\STM32F1xx_HAL_Driver\stm32f1xx_hal_dma.o
HAL_GetUID                                        Drivers\STM32F1xx_HAL_Driver\stm32f1xx_hal.o
HAL_HalfDuplex_EnableReceiver                     Drivers\STM32F1xx_HAL_Driver\stm32f1xx_hal_uart.o
HAL_HalfDuplex_EnableTransmitter                  Drivers\STM32F1xx_HAL_Driver\stm32f1xx_hal_uart.o
HAL_HalfDuplex_Init                               Drivers\STM32F1xx_HAL_Driver\stm32f1xx_hal_uart.o
HAL_IncTick                                       Drivers\STM32F1xx_HAL_Driver\stm32f1xx_hal.o
                                                  Example\User\stm32f1xx_it.o
HAL_Init                                          Drivers\STM32F1xx_HAL_Driver\stm32f1xx_hal.o
                                                  Example\User\main.o
HAL_InitTick                                      Drivers\STM32F1xx_HAL_Driver\stm32f1xx_hal.o
                                                  Drivers\STM32F1xx_HAL_Driver\stm32f1xx_hal_rcc.o
HAL_LIN_Init                                      Drivers\STM32F1xx_HAL_Driver\stm32f1xx_hal_uart.o
HAL_LIN_SendBreak                                 Drivers\STM32F1xx_HAL_Driver\stm32f1xx_hal_uart.o
HAL_MspDeInit                                     Drivers\STM32F1xx_HAL_Driver\stm32f1xx_hal.o
HAL_MspInit                                       Drivers\STM32F1xx_HAL_Driver\stm32f1xx_hal.o
HAL_MultiProcessor_EnterMuteMode                  Drivers\STM32F1xx_HAL_Driver\stm32f1xx_hal_uart.o
HAL_MultiProcessor_ExitMuteMode                   Drivers\STM32F1xx_HAL_Driver\stm32f1xx_hal_uart.o
HAL_MultiProcessor_Init                           Drivers\STM32F1xx_HAL_Driver\stm32f1xx_hal_uart.o
HAL_NVIC_ClearPendingIRQ                          Drivers\STM32F1xx_HAL_Driver\stm32f1xx_hal_cortex.o
HAL_NVIC_DisableIRQ                               Drivers\STM32F1xx_HAL_Driver\stm32f1xx_hal_cortex.o
                                                  Example\User\main.o
HAL_NVIC_EnableIRQ                                Drivers\STM32F1xx_HAL_Driver\stm32f1xx_hal_cortex.o
                                                  Example\User\stm32f1xx_hal_msp.o
                                                  Example\User\main.o
                                                  Drivers\BSP\STM32VL-Discovery\stm32vl_discovery.o
HAL_NVIC_GetActive                                Drivers\STM32F1xx_HAL_Driver\stm32f1xx_hal_cortex.o
HAL_NVIC_GetPendingIRQ                            Drivers\STM32F1xx_HAL_Driver\stm32f1xx_hal_cortex.o
HAL_NVIC_GetPriority                              Drivers\STM32F1xx_HAL_Driver\stm32f1xx_hal_cortex.o
HAL_NVIC_GetPriorityGrouping                      Drivers\STM32F1xx_HAL_Driver\stm32f1xx_hal_cortex.o
HAL_NVIC_SetPendingIRQ                            Drivers\STM32F1xx_HAL_Driver\stm32f1xx_hal_cortex.o
HAL_NVIC_SetPriority                              Drivers\STM32F1xx_HAL_Driver\stm32f1xx_hal_cortex.o
                                                  Example\User\stm32f1xx_hal_msp.o
                                                  Example\User\main.o
                                                  Drivers\STM32F1xx_HAL_Driver\stm32f1xx_hal.o
                                                  Drivers\BSP\STM32VL-Discovery\stm32vl_discovery.o
HAL_NVIC_SetPriorityGrouping                      Drivers\STM32F1xx_HAL_Driver\stm32f1xx_hal_cortex.o
                                                  Drivers\STM32F1xx_HAL_Driver\stm32f1xx_hal.o
HAL_NVIC_SystemReset                              Drivers\STM32F1xx_HAL_Driver\stm32f1xx_hal_cortex.o
HAL_RCCEx_GetPeriphCLKConfig                      Drivers\STM32F1xx_HAL_Driver\stm32f1xx_hal_rcc_ex.o
HAL_RCCEx_GetPeriphCLKFreq                        Drivers\STM32F1xx_HAL_Driver\stm32f1xx_hal_rcc_ex.o
HAL_RCCEx_PeriphCLKConfig                         Drivers\STM32F1xx_HAL_Driver\stm32f1xx_hal_rcc_ex.o
HAL_RCC_CSSCallback                               Drivers\STM32F1xx_HAL_Driver\stm32f1xx_hal_rcc.o
HAL_RCC_ClockConfig                               Drivers\STM32F1xx_HAL_Driver\stm32f1xx_hal_rcc.o
                                                  Example\User\main.o
HAL_RCC_DeInit                                    Drivers\STM32F1xx_HAL_Driver\stm32f1xx_hal_rcc.o
HAL_RCC_DisableCSS                                Drivers\STM32F1xx_HAL_Driver\stm32f1xx_hal_rcc.o
HAL_RCC_EnableCSS                                 Drivers\STM32F1xx_HAL_Driver\stm32f1xx_hal_rcc.o
HAL_RCC_GetClockConfig                            Drivers\STM32F1xx_HAL_Driver\stm32f1xx_hal_rcc.o
HAL_RCC_GetHCLKFreq                               Drivers\STM32F1xx_HAL_Driver\stm32f1xx_hal_rcc.o
HAL_RCC_GetOscConfig                              Drivers\STM32F1xx_HAL_Driver\stm32f1xx_hal_rcc.o
HAL_RCC_GetPCLK1Freq                              Drivers\STM32F1xx_HAL_Driver\stm32f1xx_hal_rcc.o
                                                  Drivers\STM32F1xx_HAL_Driver\stm32f1xx_hal_uart.o
HAL_RCC_GetPCLK2Freq                              Drivers\STM32F1xx_HAL_Driver\stm32f1xx_hal_rcc.o
                                                  Drivers\STM32F1xx_HAL_Driver\stm32f1xx_hal_uart.o
                                                  Drivers\STM32F1xx_HAL_Driver\stm32f1xx_hal_rcc_ex.o
HAL_RCC_GetSysClockFreq                           Drivers\STM32F1xx_HAL_Driver\stm32f1xx_hal_rcc.o
HAL_RCC_MCOConfig                                 Drivers\STM32F1xx_HAL_Driver\stm32f1xx_hal_rcc.o
HAL_RCC_NMI_IRQHandler                            Drivers\STM32F1xx_HAL_Driver\stm32f1xx_hal_rcc.o
HAL_RCC_OscConfig                                 Drivers\STM32F1xx_HAL_Driver\stm32f1xx_hal_rcc.o
                                                  Example\User\main.o
HAL_ResumeTick                                    Drivers\STM32F1xx_HAL_Driver\stm32f1xx_hal.o
HAL_SYSTICK_CLKSourceConfig                       Drivers\STM32F1xx_HAL_Driver\stm32f1xx_hal_cortex.o
HAL_SYSTICK_Callback                              Drivers\STM32F1xx_HAL_Driver\stm32f1xx_hal_cortex.o
HAL_SYSTICK_Config                                Drivers\STM32F1xx_HAL_Driver\stm32f1xx_hal_cortex.o
                                                  Drivers\STM32F1xx_HAL_Driver\stm32f1xx_hal.o
HAL_SYSTICK_IRQHandler                            Drivers\STM32F1xx_HAL_Driver\stm32f1xx_hal_cortex.o
HAL_SuspendTick                                   Drivers\STM32F1xx_HAL_Driver\stm32f1xx_hal.o
HAL_TIMEx_BreakCallback                           Drivers\STM32F1xx_HAL_Driver\stm32f1xx_hal_tim_ex.o
                                                  Drivers\STM32F1xx_HAL_Driver\stm32f1xx_hal_tim.o
HAL_TIMEx_CommutationCallback                     Drivers\STM32F1xx_HAL_Driver\stm32f1xx_hal_tim_ex.o
                                                  Drivers\STM32F1xx_HAL_Driver\stm32f1xx_hal_tim.o
HAL_TIMEx_ConfigBreakDeadTime                     Drivers\STM32F1xx_HAL_Driver\stm32f1xx_hal_tim_ex.o
HAL_TIMEx_ConfigCommutationEvent                  Drivers\STM32F1xx_HAL_Driver\stm32f1xx_hal_tim_ex.o
HAL_TIMEx_ConfigCommutationEvent_DMA              Drivers\STM32F1xx_HAL_Driver\stm32f1xx_hal_tim_ex.o
HAL_TIMEx_ConfigCommutationEvent_IT               Drivers\STM32F1xx_HAL_Driver\stm32f1xx_hal_tim_ex.o
HAL_TIMEx_HallSensor_DeInit                       Drivers\STM32F1xx_HAL_Driver\stm32f1xx_hal_tim_ex.o
HAL_TIMEx_HallSensor_GetState                     Drivers\STM32F1xx_HAL_Driver\stm32f1xx_hal_tim_ex.o
HAL_TIMEx_HallSensor_Init                         Drivers\STM32F1xx_HAL_Driver\stm32f1xx_hal_tim_ex.o
HAL_TIMEx_HallSensor_MspDeInit                    Drivers\STM32F1xx_HAL_Driver\stm32f1xx_hal_tim_ex.o
HAL_TIMEx_HallSensor_MspInit                      Drivers\STM32F1xx_HAL_Driver\stm32f1xx_hal_tim_ex.o
HAL_TIMEx_HallSensor_Start                        Drivers\STM32F1xx_HAL_Driver\stm32f1xx_hal_tim_ex.o
HAL_TIMEx_HallSensor_Start_DMA                    Drivers\STM32F1xx_HAL_Driver\stm32f1xx_hal_tim_ex.o
HAL_TIMEx_HallSensor_Start_IT                     Drivers\STM32F1xx_HAL_Driver\stm32f1xx_hal_tim_ex.o
HAL_TIMEx_HallSensor_Stop                         Drivers\STM32F1xx_HAL_Driver\stm32f1xx_hal_tim_ex.o
HAL_TIMEx_HallSensor_Stop_DMA                     Drivers\STM32F1xx_HAL_Driver\stm32f1xx_hal_tim_ex.o
HAL_TIMEx_HallSensor_Stop_IT                      Drivers\STM32F1xx_HAL_Driver\stm32f1xx_hal_tim_ex.o
HAL_TIMEx_MasterConfigSynchronization             Drivers\STM32F1xx_HAL_Driver\stm32f1xx_hal_tim_ex.o
HAL_TIMEx_OCN_Start                               Drivers\STM32F1xx_HAL_Driver\stm32f1xx_hal_tim_ex.o
HAL_TIMEx_OCN_Start_DMA                           Drivers\STM32F1xx_HAL_Driver\stm32f1xx_hal_tim_ex.o
HAL_TIMEx_OCN_Start_IT                            Drivers\STM32F1xx_HAL_Driver\stm32f1xx_hal_tim_ex.o
HAL_TIMEx_OCN_Stop                                Drivers\STM32F1xx_HAL_Driver\stm32f1xx_hal_tim_ex.o
HAL_TIMEx_OCN_Stop_DMA                            Drivers\STM32F1xx_HAL_Driver\stm32f1xx_hal_tim_ex.o
HAL_TIMEx_OCN_Stop_IT                             Drivers\STM32F1xx_HAL_Driver\stm32f1xx_hal_tim_ex.o
HAL_TIMEx_OnePulseN_Start                         Drivers\STM32F1xx_HAL_Driver\stm32f1xx_hal_tim_ex.o
HAL_TIMEx_OnePulseN_Start_IT                      Drivers\STM32F1xx_HAL_Driver\stm32f1xx_hal_tim_ex.o
HAL_TIMEx_OnePulseN_Stop                          Drivers\STM32F1xx_HAL_Driver\stm32f1xx_hal_tim_ex.o
HAL_TIMEx_OnePulseN_Stop_IT                       Drivers\STM32F1xx_HAL_Driver\stm32f1xx_hal_tim_ex.o
HAL_TIMEx_PWMN_Start                              Drivers\STM32F1xx_HAL_Driver\stm32f1xx_hal_tim_ex.o
HAL_TIMEx_PWMN_Start_DMA                          Drivers\STM32F1xx_HAL_Driver\stm32f1xx_hal_tim_ex.o
HAL_TIMEx_PWMN_Start_IT                           Drivers\STM32F1xx_HAL_Driver\stm32f1xx_hal_tim_ex.o
HAL_TIMEx_PWMN_Stop                               Drivers\STM32F1xx_HAL_Driver\stm32f1xx_hal_tim_ex.o
HAL_TIMEx_PWMN_Stop_DMA                           Drivers\STM32F1xx_HAL_Driver\stm32f1xx_hal_tim_ex.o
HAL_TIMEx_PWMN_Stop_IT                            Drivers\STM32F1xx_HAL_Driver\stm32f1xx_hal_tim_ex.o
HAL_TIM_Base_DeInit                               Drivers\STM32F1xx_HAL_Driver\stm32f1xx_hal_tim.o
HAL_TIM_Base_GetState                             Drivers\STM32F1xx_HAL_Driver\stm32f1xx_hal_tim.o
HAL_TIM_Base_Init                                 Drivers\STM32F1xx_HAL_Driver\stm32f1xx_hal_tim.o
                                                  Example\User\main.o
HAL_TIM_Base_MspDeInit                            Drivers\STM32F1xx_HAL_Driver\stm32f1xx_hal_tim.o
HAL_TIM_Base_MspInit                              Example\User\stm32f1xx_hal_msp.o
                                                  Drivers\STM32F1xx_HAL_Driver\stm32f1xx_hal_tim.o
HAL_TIM_Base_Start                                Drivers\STM32F1xx_HAL_Driver\stm32f1xx_hal_tim.o
HAL_TIM_Base_Start_DMA                            Drivers\STM32F1xx_HAL_Driver\stm32f1xx_hal_tim.o
HAL_TIM_Base_Start_IT                             Drivers\STM32F1xx_HAL_Driver\stm32f1xx_hal_tim.o
                                                  Example\User\main.o
HAL_TIM_Base_Stop                                 Drivers\STM32F1xx_HAL_Driver\stm32f1xx_hal_tim.o
HAL_TIM_Base_Stop_DMA                             Drivers\STM32F1xx_HAL_Driver\stm32f1xx_hal_tim.o
HAL_TIM_Base_Stop_IT                              Drivers\STM32F1xx_HAL_Driver\stm32f1xx_hal_tim.o
HAL_TIM_ConfigClockSource                         Drivers\STM32F1xx_HAL_Driver\stm32f1xx_hal_tim.o
HAL_TIM_ConfigOCrefClear                          Drivers\STM32F1xx_HAL_Driver\stm32f1xx_hal_tim.o
HAL_TIM_ConfigTI1Input                            Drivers\STM32F1xx_HAL_Driver\stm32f1xx_hal_tim.o
HAL_TIM_DMABurst_ReadStart                        Drivers\STM32F1xx_HAL_Driver\stm32f1xx_hal_tim.o
HAL_TIM_DMABurst_ReadStop                         Drivers\STM32F1xx_HAL_Driver\stm32f1xx_hal_tim.o
HAL_TIM_DMABurst_WriteStart                       Drivers\STM32F1xx_HAL_Driver\stm32f1xx_hal_tim.o
HAL_TIM_DMABurst_WriteStop                        Drivers\STM32F1xx_HAL_Driver\stm32f1xx_hal_tim.o
HAL_TIM_Encoder_DeInit                            Drivers\STM32F1xx_HAL_Driver\stm32f1xx_hal_tim.o
HAL_TIM_Encoder_GetState                          Drivers\STM32F1xx_HAL_Driver\stm32f1xx_hal_tim.o
HAL_TIM_Encoder_Init                              Drivers\STM32F1xx_HAL_Driver\stm32f1xx_hal_tim.o
HAL_TIM_Encoder_MspDeInit                         Drivers\STM32F1xx_HAL_Driver\stm32f1xx_hal_tim.o
HAL_TIM_Encoder_MspInit                           Drivers\STM32F1xx_HAL_Driver\stm32f1xx_hal_tim.o
HAL_TIM_Encoder_Start                             Drivers\STM32F1xx_HAL_Driver\stm32f1xx_hal_tim.o
HAL_TIM_Encoder_Start_DMA                         Drivers\STM32F1xx_HAL_Driver\stm32f1xx_hal_tim.o
HAL_TIM_Encoder_Start_IT                          Drivers\STM32F1xx_HAL_Driver\stm32f1xx_hal_tim.o
HAL_TIM_Encoder_Stop                              Drivers\STM32F1xx_HAL_Driver\stm32f1xx_hal_tim.o
HAL_TIM_Encoder_Stop_DMA                          Drivers\STM32F1xx_HAL_Driver\stm32f1xx_hal_tim.o
HAL_TIM_Encoder_Stop_IT                           Drivers\STM32F1xx_HAL_Driver\stm32f1xx_hal_tim.o
HAL_TIM_ErrorCallback                             Drivers\STM32F1xx_HAL_Driver\stm32f1xx_hal_tim.o
HAL_TIM_GenerateEvent                             Drivers\STM32F1xx_HAL_Driver\stm32f1xx_hal_tim.o
HAL_TIM_IC_CaptureCallback                        Drivers\STM32F1xx_HAL_Driver\stm32f1xx_hal_tim.o
HAL_TIM_IC_ConfigChannel                          Drivers\STM32F1xx_HAL_Driver\stm32f1xx_hal_tim.o
HAL_TIM_IC_DeInit                                 Drivers\STM32F1xx_HAL_Driver\stm32f1xx_hal_tim.o
HAL_TIM_IC_GetState                               Drivers\STM32F1xx_HAL_Driver\stm32f1xx_hal_tim.o
HAL_TIM_IC_Init                                   Drivers\STM32F1xx_HAL_Driver\stm32f1xx_hal_tim.o
HAL_TIM_IC_MspDeInit                              Drivers\STM32F1xx_HAL_Driver\stm32f1xx_hal_tim.o
HAL_TIM_IC_MspInit                                Drivers\STM32F1xx_HAL_Driver\stm32f1xx_hal_tim.o
HAL_TIM_IC_Start                                  Drivers\STM32F1xx_HAL_Driver\stm32f1xx_hal_tim.o
HAL_TIM_IC_Start_DMA                              Drivers\STM32F1xx_HAL_Driver\stm32f1xx_hal_tim.o
HAL_TIM_IC_Start_IT                               Drivers\STM32F1xx_HAL_Driver\stm32f1xx_hal_tim.o
HAL_TIM_IC_Stop                                   Drivers\STM32F1xx_HAL_Driver\stm32f1xx_hal_tim.o
HAL_TIM_IC_Stop_DMA                               Drivers\STM32F1xx_HAL_Driver\stm32f1xx_hal_tim.o
HAL_TIM_IC_Stop_IT                                Drivers\STM32F1xx_HAL_Driver\stm32f1xx_hal_tim.o
HAL_TIM_IRQHandler                                Drivers\STM32F1xx_HAL_Driver\stm32f1xx_hal_tim.o
                                                  Example\User\stm32f1xx_it.o
HAL_TIM_OC_ConfigChannel                          Drivers\STM32F1xx_HAL_Driver\stm32f1xx_hal_tim.o
HAL_TIM_OC_DeInit                                 Drivers\STM32F1xx_HAL_Driver\stm32f1xx_hal_tim.o
HAL_TIM_OC_DelayElapsedCallback                   Drivers\STM32F1xx_HAL_Driver\stm32f1xx_hal_tim.o
HAL_TIM_OC_GetState                               Drivers\STM32F1xx_HAL_Driver\stm32f1xx_hal_tim.o
HAL_TIM_OC_Init                                   Drivers\STM32F1xx_HAL_Driver\stm32f1xx_hal_tim.o
HAL_TIM_OC_MspDeInit                              Drivers\STM32F1xx_HAL_Driver\stm32f1xx_hal_tim.o
HAL_TIM_OC_MspInit                                Drivers\STM32F1xx_HAL_Driver\stm32f1xx_hal_tim.o
HAL_TIM_OC_Start                                  Drivers\STM32F1xx_HAL_Driver\stm32f1xx_hal_tim.o
HAL_TIM_OC_Start_DMA                              Drivers\STM32F1xx_HAL_Driver\stm32f1xx_hal_tim.o
HAL_TIM_OC_Start_IT                               Drivers\STM32F1xx_HAL_Driver\stm32f1xx_hal_tim.o
HAL_TIM_OC_Stop                                   Drivers\STM32F1xx_HAL_Driver\stm32f1xx_hal_tim.o
HAL_TIM_OC_Stop_DMA                               Drivers\STM32F1xx_HAL_Driver\stm32f1xx_hal_tim.o
HAL_TIM_OC_Stop_IT                                Drivers\STM32F1xx_HAL_Driver\stm32f1xx_hal_tim.o
HAL_TIM_OnePulse_ConfigChannel                    Drivers\STM32F1xx_HAL_Driver\stm32f1xx_hal_tim.o
HAL_TIM_OnePulse_DeInit                           Drivers\STM32F1xx_HAL_Driver\stm32f1xx_hal_tim.o
HAL_TIM_OnePulse_GetState                         Drivers\STM32F1xx_HAL_Driver\stm32f1xx_hal_tim.o
HAL_TIM_OnePulse_Init                             Drivers\STM32F1xx_HAL_Driver\stm32f1xx_hal_tim.o
HAL_TIM_OnePulse_MspDeInit                        Drivers\STM32F1xx_HAL_Driver\stm32f1xx_hal_tim.o
HAL_TIM_OnePulse_MspInit                          Drivers\STM32F1xx_HAL_Driver\stm32f1xx_hal_tim.o
HAL_TIM_OnePulse_Start                            Drivers\STM32F1xx_HAL_Driver\stm32f1xx_hal_tim.o
HAL_TIM_OnePulse_Start_IT                         Drivers\STM32F1xx_HAL_Driver\stm32f1xx_hal_tim.o
HAL_TIM_OnePulse_Stop                             Drivers\STM32F1xx_HAL_Driver\stm32f1xx_hal_tim.o
HAL_TIM_OnePulse_Stop_IT                          Drivers\STM32F1xx_HAL_Driver\stm32f1xx_hal_tim.o
HAL_TIM_PWM_ConfigChannel                         Drivers\STM32F1xx_HAL_Driver\stm32f1xx_hal_tim.o
HAL_TIM_PWM_DeInit                                Drivers\STM32F1xx_HAL_Driver\stm32f1xx_hal_tim.o
HAL_TIM_PWM_GetState                              Drivers\STM32F1xx_HAL_Driver\stm32f1xx_hal_tim.o
HAL_TIM_PWM_Init                                  Drivers\STM32F1xx_HAL_Driver\stm32f1xx_hal_tim.o
HAL_TIM_PWM_MspDeInit                             Drivers\STM32F1xx_HAL_Driver\stm32f1xx_hal_tim.o
HAL_TIM_PWM_MspInit                               Drivers\STM32F1xx_HAL_Driver\stm32f1xx_hal_tim.o
HAL_TIM_PWM_PulseFinishedCallback                 Drivers\STM32F1xx_HAL_Driver\stm32f1xx_hal_tim.o
HAL_TIM_PWM_Start                                 Drivers\STM32F1xx_HAL_Driver\stm32f1xx_hal_tim.o
HAL_TIM_PWM_Start_DMA                             Drivers\STM32F1xx_HAL_Driver\stm32f1xx_hal_tim.o
HAL_TIM_PWM_Start_IT                              Drivers\STM32F1xx_HAL_Driver\stm32f1xx_hal_tim.o
HAL_TIM_PWM_Stop                                  Drivers\STM32F1xx_HAL_Driver\stm32f1xx_hal_tim.o
HAL_TIM_PWM_Stop_DMA                              Drivers\STM32F1xx_HAL_Driver\stm32f1xx_hal_tim.o
HAL_TIM_PWM_Stop_IT                               Drivers\STM32F1xx_HAL_Driver\stm32f1xx_hal_tim.o
HAL_TIM_PeriodElapsedCallback                     Example\User\main.o
                                                  Drivers\STM32F1xx_HAL_Driver\stm32f1xx_hal_tim.o
HAL_TIM_ReadCapturedValue                         Drivers\STM32F1xx_HAL_Driver\stm32f1xx_hal_tim.o
HAL_TIM_SlaveConfigSynchronization                Drivers\STM32F1xx_HAL_Driver\stm32f1xx_hal_tim.o
HAL_TIM_SlaveConfigSynchronization_IT             Drivers\STM32F1xx_HAL_Driver\stm32f1xx_hal_tim.o
HAL_TIM_TriggerCallback                           Drivers\STM32F1xx_HAL_Driver\stm32f1xx_hal_tim.o
HAL_UART_Abort                                    Drivers\STM32F1xx_HAL_Driver\stm32f1xx_hal_uart.o
HAL_UART_AbortCpltCallback                        Drivers\STM32F1xx_HAL_Driver\stm32f1xx_hal_uart.o
HAL_UART_AbortReceive                             Drivers\STM32F1xx_HAL_Driver\stm32f1xx_hal_uart.o
HAL_UART_AbortReceiveCpltCallback                 Drivers\STM32F1xx_HAL_Driver\stm32f1xx_hal_uart.o
HAL_UART_AbortReceive_IT                          Drivers\STM32F1xx_HAL_Driver\stm32f1xx_hal_uart.o
HAL_UART_AbortTransmit                            Drivers\STM32F1xx_HAL_Driver\stm32f1xx_hal_uart.o
HAL_UART_AbortTransmitCpltCallback                Drivers\STM32F1xx_HAL_Driver\stm32f1xx_hal_uart.o
HAL_UART_AbortTransmit_IT                         Drivers\STM32F1xx_HAL_Driver\stm32f1xx_hal_uart.o
HAL_UART_Abort_IT                                 Drivers\STM32F1xx_HAL_Driver\stm32f1xx_hal_uart.o
HAL_UART_DMAPause                                 Drivers\STM32F1xx_HAL_Driver\stm32f1xx_hal_uart.o
HAL_UART_DMAResume                                Drivers\STM32F1xx_HAL_Driver\stm32f1xx_hal_uart.o
HAL_UART_DMAStop                                  Drivers\STM32F1xx_HAL_Driver\stm32f1xx_hal_uart.o
HAL_UART_DeInit                                   Drivers\STM32F1xx_HAL_Driver\stm32f1xx_hal_uart.o
HAL_UART_ErrorCallback                            Drivers\STM32F1xx_HAL_Driver\stm32f1xx_hal_uart.o
HAL_UART_GetError                                 Drivers\STM32F1xx_HAL_Driver\stm32f1xx_hal_uart.o
HAL_UART_GetState                                 Drivers\STM32F1xx_HAL_Driver\stm32f1xx_hal_uart.o
HAL_UART_IRQHandler                               Drivers\STM32F1xx_HAL_Driver\stm32f1xx_hal_uart.o
HAL_UART_Init                                     Drivers\STM32F1xx_HAL_Driver\stm32f1xx_hal_uart.o
                                                  Example\User\main.o
HAL_UART_MspDeInit                                Example\User\stm32f1xx_hal_msp.o
                                                  Drivers\STM32F1xx_HAL_Driver\stm32f1xx_hal_uart.o
HAL_UART_MspInit                                  Example\User\stm32f1xx_hal_msp.o
                                                  Drivers\STM32F1xx_HAL_Driver\stm32f1xx_hal_uart.o
HAL_UART_Receive                                  Drivers\STM32F1xx_HAL_Driver\stm32f1xx_hal_uart.o
HAL_UART_Receive_DMA                              Drivers\STM32F1xx_HAL_Driver\stm32f1xx_hal_uart.o
HAL_UART_Receive_IT                               Drivers\STM32F1xx_HAL_Driver\stm32f1xx_hal_uart.o
HAL_UART_RxCpltCallback                           Drivers\STM32F1xx_HAL_Driver\stm32f1xx_hal_uart.o
HAL_UART_RxHalfCpltCallback                       Drivers\STM32F1xx_HAL_Driver\stm32f1xx_hal_uart.o
HAL_UART_Transmit                                 Drivers\STM32F1xx_HAL_Driver\stm32f1xx_hal_uart.o
                                                  Example\User\main.o
HAL_UART_Transmit_DMA                             Drivers\STM32F1xx_HAL_Driver\stm32f1xx_hal_uart.o
HAL_UART_Transmit_IT                              Drivers\STM32F1xx_HAL_Driver\stm32f1xx_hal_uart.o